Cargo resource preflight: target=/home/bfadmin/Documents/datum-eda/target size=26.0 GiB target_free=175.0 GiB tmp_free=6.4 GiB
warning: Cargo target exceeds soft limit: 26.0 GiB used; soft limit 20.0 GiB
    Blocking waiting for file lock on build directory
   Compiling num-traits v0.2.19
    Checking arrayvec v0.7.6
   Compiling syn v2.0.117
   Compiling crossbeam-utils v0.8.21
   Compiling getrandom v0.3.4
   Compiling rayon-core v1.13.0
    Checking either v1.15.0
    Checking stable_deref_trait v1.2.1
    Checking bit-vec v0.8.0
    Checking as-slice v0.2.1
   Compiling paste v1.0.15
   Compiling built v0.8.0
   Compiling av-scenechange v0.14.1
    Checking bit-set v0.8.0
    Checking aligned v0.4.3
    Checking core2 v0.4.0
    Checking nom v8.0.0
    Checking y4m v0.8.0
   Compiling pastey v0.1.1
    Checking quick-error v2.0.1
    Checking bitstream-io v4.9.0
    Checking crossbeam-epoch v0.9.18
   Compiling rav1e v0.8.1
    Checking crossbeam-deque v0.8.6
    Checking euclid v0.22.14
    Checking num-integer v0.1.46
    Checking ordered-float v4.6.0
    Checking itertools v0.14.0
   Compiling simd_helpers v0.1.0
    Checking num-bigint v0.4.6
    Checking new_debug_unreachable v1.0.6
   Compiling noop_proc_macro v0.3.0
    Checking zune-core v0.5.1
    Checking rayon v1.11.0
    Checking imgref v1.12.0
    Checking weezl v0.1.12
    Checking lyon_geom v1.0.19
    Checking loop9 v0.1.5
    Checking zune-jpeg v0.5.15
    Checking avif-serialize v0.8.8
    Checking zune-inflate v0.2.54
    Checking lyon_path v1.0.19
    Checking color_quant v1.1.0
    Checking num-rational v0.4.2
    Checking rgb v0.8.52
    Checking bit_field v0.10.3
    Checking lyon_tessellation v1.0.20
    Checking lebe v0.5.3
    Checking moxcms v0.8.1
    Checking image-webp v0.2.4
    Checking gif v0.14.1
    Checking etagere v0.2.15
    Checking taffy v0.11.0
    Checking datum-terminal-core v0.1.0 (/home/bfadmin/Documents/datum-eda/crates/terminal-core)
    Checking maybe-rayon v0.1.1
   Compiling bytemuck_derive v1.10.2
   Compiling zerocopy-derive v0.8.47
   Compiling thiserror-impl v2.0.18
   Compiling profiling-procmacros v1.0.17
   Compiling equator-macro v0.4.2
   Compiling arg_enum_proc_macro v0.3.4
    Checking profiling v1.0.17
   Compiling serde_derive v1.0.228
   Compiling thiserror-impl v1.0.69
   Compiling num-derive v0.4.2
    Checking equator v0.4.2
    Checking aligned-vec v0.6.4
    Checking v_frame v0.3.9
    Checking av1-grain v0.2.5
    Checking bytemuck v1.25.0
    Checking thiserror v2.0.18
    Checking gpu-allocator v0.28.0
    Checking font-types v0.11.1
    Checking font-types v0.10.1
    Checking zerocopy v0.8.47
    Checking wgpu-types v28.0.0
    Checking read-fonts v0.37.0
    Checking thiserror v1.0.69
    Checking read-fonts v0.35.0
   Compiling fax_derive v0.2.0
    Checking calloop v0.13.0
    Checking fax v0.2.6
    Checking calloop-wayland-source v0.3.0
    Checking qoi v0.4.1
    Checking tiny-skia-path v0.11.4
    Checking smithay-client-toolkit v0.19.2
    Checking tiny-skia v0.11.4
   Compiling clap_derive v4.6.0
    Checking serde v1.0.228
    Checking sctk-adwaita v0.10.1
    Checking datum-verb-registry v0.1.0 (/home/bfadmin/Documents/datum-eda/crates/verb-registry)
    Checking clap v4.6.0
    Checking half v2.7.1
    Checking ahash v0.8.12
    Checking hashbrown v0.14.5
    Checking winit v0.30.13
    Checking naga v28.0.0
    Checking tiff v0.11.3
    Checking exr v1.74.0
    Checking ravif v0.13.0
    Checking hashlink v0.9.1
    Checking skrifa v0.40.0
    Checking rusqlite v0.32.1
    Checking skrifa v0.37.0
    Checking harfrust v0.3.2
    Checking eda-engine v0.1.0 (/home/bfadmin/Documents/datum-eda/crates/engine)
    Checking swash v0.2.7
    Checking image v0.25.10
    Checking cosmic-text v0.15.0
    Checking arboard v3.6.1
    Checking wgpu-hal v28.0.1
    Checking wgpu-core-deps-windows-linux-android v28.0.0
    Checking wgpu-core v28.0.1
    Checking wgpu v28.0.0
    Checking glyphon v0.10.0
    Checking datum-gui-protocol v0.1.0 (/home/bfadmin/Documents/datum-eda/crates/gui-protocol)
    Checking datum-gui-viewport v0.1.0 (/home/bfadmin/Documents/datum-eda/crates/gui-viewport)
    Checking datum-gui-render v0.1.0 (/home/bfadmin/Documents/datum-eda/crates/gui-render)
warning: unused import: `push_scene_underlay`
  --> crates/gui-render/src/render/scene.rs:67:24
   |
67 | use scene_projection::{push_scene_underlay, render_scene};
   |                        ^^^^^^^^^^^^^^^^^^^
   |
   = note: `#[warn(unused_imports)]` (part of `#[warn(unused)]`) on by default

warning: `datum-gui-render` (lib) generated 1 warning (run `cargo fix --lib -p datum-gui-render` to apply 1 suggestion)
    Checking datum-gui-app v0.1.0 (/home/bfadmin/Documents/datum-eda/crates/gui-app)
    Finished `dev` profile [unoptimized + debuginfo] target(s) in 56.94s
