Project status check passed (59 frontier items).
Spec parity check passed (20 inventories).
Alignment audit passed.
Spec governance gate passed (331 specs classified: 255 governed, 51 doctrine, 6 pending, 19 historical).
Project Preferences tripwire satisfied: drawing without a spec is allowed.
Evidence traceability gate passed (28 routes, 124 research/prototype artifacts).
..
----------------------------------------------------------------------
Ran 2 tests in 0.001s

OK
dependency authority: PASS
Resolver raw-load guard passed (0 allowlisted call sites).
Global Preferences boundary gate passed (5 product-service adapters; 3 engine mutation files).
...........
----------------------------------------------------------------------
Ran 11 tests in 0.003s

OK
GUI agent/terminal convergence guard failed:
  - editor scene hit clipping is missing scene_hit_start
  - editor scene hit clipping is missing hit_clipping::clip_new_hit_regions
