...........
----------------------------------------------------------------------
Ran 11 tests in 0.002s

OK
GUI agent/terminal convergence guard passed.
.
----------------------------------------------------------------------
Ran 1 test in 0.000s

OK
Terminal shell metadata boundary passed.
.....
----------------------------------------------------------------------
Ran 5 tests in 0.006s

OK
terminal split boundary: PASS
........................
----------------------------------------------------------------------
Ran 24 tests in 0.138s

OK
terminal transport boundary: PASS
.....................
----------------------------------------------------------------------
Ran 21 tests in 0.275s

OK
Datum TerminalCore boundary check passed.
............
----------------------------------------------------------------------
Ran 12 tests in 0.033s

OK
terminal core adapter boundary: PASS
....
----------------------------------------------------------------------
Ran 4 tests in 0.006s

OK
terminal compatibility matrix passed (13 real programs; 5 Datum-authored standards domains).
......
----------------------------------------------------------------------
Ran 6 tests in 0.062s

OK
terminal core renderer boundary: FAIL
- GPU image path lacks marker: encode_terminal_graphics(&mutencoder,&msaa_view,&view,false,measurement.as_mut())
- GPU image path lacks marker: encode_terminal_graphics(&mutencoder,&msaa_view,&view,true,measurement.as_mut())
