...
----------------------------------------------------------------------
Ran 3 tests in 0.003s

OK
Cargo resource policy: PASS
== rustfmt: workspace formatting gate ==
........
----------------------------------------------------------------------
Ran 8 tests in 0.001s

OK
rustfmt gate passed for workspace (3 ceiling-bound exemption(s) in specs/rustfmt_exemption_manifest.json).
== clippy: workspace lint gate (-D warnings) ==
Cargo resource preflight: target=/home/bfadmin/Documents/datum-eda/target size=28.4 GiB target_free=172.7 GiB tmp_free=6.4 GiB
warning: Cargo target exceeds soft limit: 28.4 GiB used; soft limit 20.0 GiB
    Checking datum-gui-render v0.1.0 (/home/bfadmin/Documents/datum-eda/crates/gui-render)
    Checking datum-gui-app v0.1.0 (/home/bfadmin/Documents/datum-eda/crates/gui-app)
    Finished `dev` profile [unoptimized + debuginfo] target(s) in 8.26s
Progress coverage audit passed.
.............................................
----------------------------------------------------------------------
Ran 45 tests in 0.973s

OK
.....
----------------------------------------------------------------------
Ran 5 tests in 0.000s

OK
....
----------------------------------------------------------------------
Ran 4 tests in 0.100s

OK
Project status check failed:
- non-closed tracker issue must have exactly one roadmap label: dat-gpu-range-negative-clippy-d2ew has []
