datum-gui diagnostic log pid=268605 start=SystemTime { tv_sec: 1790349208, tv_nsec: 63666262 }
[SystemTime { tv_sec: 1790349208, tv_nsec: 63919548 }] startup args=GuiArgs { terminal_profile: TerminalProfileArgs { selected: "default", custom_name: "custom", program: None, args: [], environment: [], environment_remove: [], cwd: "active", theme: None, font_scale_percent: None, history_lines: None, history_mebibytes: None, cursor: None, bell: None, agent_authority: "propose", unattended_tools: [] }, demo_known_good: false, board_file: None, schematic_file: None, artifact_path: None, project_root: Some("/tmp/pm045-admission-hqugp169/project"), select: None, net_uuid: None, from_anchor_pad_uuid: None, to_anchor_pad_uuid: None, profile: None, visual_test: false, initial_layout: Some("single"), open_menu: None, open_global_preferences: false, open_new_project: false, open_project_preferences: false, focus_pane: None, fixture_revision_surface: None, layers_scroll_end: false, window_size: "1280x800", screenshot_out: None, exit_after_screenshot: false, window_visual_test: false, visual_scale_factor: Some(1.0), interaction_smoke: false, resize_torture_smoke: false, kwin_lifecycle_smoke: false }
[SystemTime { tv_sec: 1790349208, tv_nsec: 74795839 }] resumed event
[SystemTime { tv_sec: 1790349208, tv_nsec: 74825220 }] launch state load begin
[SystemTime { tv_sec: 1790349208, tv_nsec: 74867810 }] request resolve begin
[SystemTime { tv_sec: 1790349208, tv_nsec: 74891386 }] request resolve end project_root=/tmp/pm045-admission-hqugp169/project board_file=None
[SystemTime { tv_sec: 1790349208, tv_nsec: 74914043 }] workspace load begin
[SystemTime { tv_sec: 1790349209, tv_nsec: 559031523 }] workspace load end
[SystemTime { tv_sec: 1790349209, tv_nsec: 559058140 }] camera fit begin
[SystemTime { tv_sec: 1790349209, tv_nsec: 559073376 }] camera fit end
[SystemTime { tv_sec: 1790349209, tv_nsec: 559292891 }] terminal spawn begin
[SystemTime { tv_sec: 1790349209, tv_nsec: 569063264 }] terminal spawn end
[SystemTime { tv_sec: 1790349209, tv_nsec: 569096677 }] launch state load end
[SystemTime { tv_sec: 1790349209, tv_nsec: 573325135 }] window created
[SystemTime { tv_sec: 1790349209, tv_nsec: 573352392 }] runtime creation begin
[SystemTime { tv_sec: 1790349209, tv_nsec: 574197439 }] wgpu instance create begin
[SystemTime { tv_sec: 1790349209, tv_nsec: 684737421 }] wgpu request adapter begin
[SystemTime { tv_sec: 1790349209, tv_nsec: 694411808 }] surface identity window=WindowId(33554436) window_backend=x11 gpu_backend=Vulkan adapter="Intel(R) HD Graphics P630 (KBL GT2)" device_type=IntegratedGpu driver="Intel open-source Mesa driver" driver_info="Mesa 25.0.7-2+deb13u1"
[SystemTime { tv_sec: 1790349209, tv_nsec: 694438025 }] wgpu request device begin
[SystemTime { tv_sec: 1790349209, tv_nsec: 726013617 }] wgpu request device end
[SystemTime { tv_sec: 1790349209, tv_nsec: 726383016 }] initial surface configuration requested 1280x800 format=Bgra8UnormSrgb present=Fifo msaa=8
[SystemTime { tv_sec: 1790349209, tv_nsec: 726409378 }] renderer init begin
[SystemTime { tv_sec: 1790349209, tv_nsec: 871447931 }] gpu_measurement_host host=1 epoch=1 window=WindowId(33554436) timestamp_period_ns=83.333336
[SystemTime { tv_sec: 1790349209, tv_nsec: 871473679 }] renderer init end
[SystemTime { tv_sec: 1790349209, tv_nsec: 872511607 }] runtime creation end
[SystemTime { tv_sec: 1790349209, tv_nsec: 872609960 }] window visible
[SystemTime { tv_sec: 1790349209, tv_nsec: 872735832 }] surface configure begin
[SystemTime { tv_sec: 1790349209, tv_nsec: 874673995 }] surface configure end
[SystemTime { tv_sec: 1790349209, tv_nsec: 874699424 }] native queue configured host=1 configurations=1 submitted=0 completed=0
gpu_measurement_incomplete {"device_epoch":1,"frame":1,"host":1,"reason":"cold_upload_multisubmission_timestamps_unqualified","status":"incomplete","submission":1}
gpu_measurement_incomplete {"device_epoch":1,"frame":1,"host":1,"reason":"cold_upload_multisubmission_timestamps_unqualified","status":"incomplete","submission":2}
[SystemTime { tv_sec: 1790349214, tv_nsec: 967155035 }] close requested
gpu_measurement {"device_epoch":1,"frame":2,"frame_span_ns":9020083.608604431,"host":1,"own_pass_sum_ns":9004083.60811615,"passes_ns":[["scene",7181750.219169617],["text",1822333.3889465332]],"raw_ticks":[11887033566,11887119747,11887119939,11887141807],"submission":3,"timestamp_period_ns":83.33333587646484}
