Cargo resource preflight: target=/home/bfadmin/Documents/datum-eda/target size=31.3 GiB target_free=169.2 GiB tmp_free=6.4 GiB
warning: Cargo target exceeds soft limit: 31.3 GiB used; soft limit 20.0 GiB
    Checking arrayvec v0.7.6
   Compiling syn v2.0.117
    Checking num-traits v0.2.19
    Checking crossbeam-utils v0.8.21
    Checking getrandom v0.3.4
    Checking either v1.15.0
    Checking bit-vec v0.8.0
    Checking stable_deref_trait v1.2.1
    Checking as-slice v0.2.1
    Checking aligned v0.4.3
    Checking nom v8.0.0
    Checking core2 v0.4.0
    Checking y4m v0.8.0
    Checking quick-error v2.0.1
    Checking bitstream-io v4.9.0
    Checking bit-set v0.8.0
    Checking itertools v0.14.0
   Compiling simd_helpers v0.1.0
    Checking new_debug_unreachable v1.0.6
    Checking imgref v1.12.0
    Checking crossbeam-epoch v0.9.18
    Checking weezl v0.1.12
    Checking zune-core v0.5.1
    Checking crossbeam-deque v0.8.6
    Checking euclid v0.22.14
    Checking num-integer v0.1.46
    Checking ordered-float v4.6.0
    Checking rayon-core v1.13.0
    Checking zune-jpeg v0.5.15
    Checking num-bigint v0.4.6
    Checking loop9 v0.1.5
    Checking avif-serialize v0.8.8
    Checking rayon v1.11.0
    Checking zune-inflate v0.2.54
    Checking lyon_geom v1.0.19
    Checking bit_field v0.10.3
    Checking color_quant v1.1.0
    Checking rgb v0.8.52
    Checking lebe v0.5.3
    Checking gif v0.14.1
    Checking image-webp v0.2.4
    Checking lyon_path v1.0.19
    Checking moxcms v0.8.1
    Checking etagere v0.2.15
    Checking taffy v0.11.0
    Checking num-rational v0.4.2
    Checking lyon_tessellation v1.0.20
    Checking datum-terminal-core v0.1.0 (/home/bfadmin/Documents/datum-eda/crates/terminal-core)
    Checking maybe-rayon v0.1.1
   Compiling bytemuck_derive v1.10.2
   Compiling zerocopy-derive v0.8.47
   Compiling thiserror-impl v2.0.18
   Compiling profiling-procmacros v1.0.17
   Compiling equator-macro v0.4.2
   Compiling serde_derive v1.0.228
    Checking profiling v1.0.17
   Compiling arg_enum_proc_macro v0.3.4
    Checking equator v0.4.2
   Compiling fax_derive v0.2.0
    Checking aligned-vec v0.6.4
   Compiling num-derive v0.4.2
    Checking v_frame v0.3.9
    Checking av1-grain v0.2.5
    Checking fax v0.2.6
    Checking bytemuck v1.25.0
    Checking thiserror v2.0.18
   Compiling thiserror-impl v1.0.69
    Checking gpu-allocator v0.28.0
    Checking av-scenechange v0.14.1
    Checking font-types v0.11.1
    Checking wgpu-types v28.0.0
    Checking zerocopy v0.8.47
    Checking font-types v0.10.1
    Checking read-fonts v0.37.0
    Checking qoi v0.4.1
    Checking tiny-skia-path v0.11.4
    Checking rav1e v0.8.1
    Checking read-fonts v0.35.0
    Checking tiny-skia v0.11.4
    Checking thiserror v1.0.69
    Checking calloop v0.13.0
   Compiling clap_derive v4.6.0
    Checking calloop-wayland-source v0.3.0
    Checking smithay-client-toolkit v0.19.2
    Checking serde v1.0.228
    Checking datum-verb-registry v0.1.0 (/home/bfadmin/Documents/datum-eda/crates/verb-registry)
    Checking sctk-adwaita v0.10.1
    Checking clap v4.6.0
    Checking half v2.7.1
    Checking ahash v0.8.12
    Checking hashbrown v0.14.5
    Checking winit v0.30.13
    Checking naga v28.0.0
    Checking exr v1.74.0
    Checking tiff v0.11.3
    Checking ravif v0.13.0
    Checking skrifa v0.40.0
    Checking hashlink v0.9.1
    Checking rusqlite v0.32.1
    Checking harfrust v0.3.2
    Checking skrifa v0.37.0
    Checking eda-engine v0.1.0 (/home/bfadmin/Documents/datum-eda/crates/engine)
    Checking swash v0.2.7
    Checking image v0.25.10
    Checking cosmic-text v0.15.0
    Checking arboard v3.6.1
    Checking wgpu-hal v28.0.1
    Checking wgpu-core-deps-windows-linux-android v28.0.0
    Checking wgpu-core v28.0.1
    Checking wgpu v28.0.0
    Checking glyphon v0.10.0
    Checking datum-gui-protocol v0.1.0 (/home/bfadmin/Documents/datum-eda/crates/gui-protocol)
    Checking datum-gui-viewport v0.1.0 (/home/bfadmin/Documents/datum-eda/crates/gui-viewport)
    Checking datum-gui-render v0.1.0 (/home/bfadmin/Documents/datum-eda/crates/gui-render)
    Checking datum-gui-app v0.1.0 (/home/bfadmin/Documents/datum-eda/crates/gui-app)
error: items after a test module
   --> crates/gui-render/src/render/interaction_overlay.rs:340:1
    |
340 | mod interaction_overlay_tests {
    | ^^^^^^^^^^^^^^^^^^^^^^^^^^^^^
...
627 | impl PreparedScene {
    | ^^^^^^^^^^^^^^^^^^
    |
    = help: for further information visit https://rust-lang.github.io/rust-clippy/rust-1.98.0/index.html#items_after_test_module
    = note: `-D clippy::items-after-test-module` implied by `-D warnings`
    = help: to override `-D warnings` add `#[allow(clippy::items_after_test_module)]`
    = help: move the items to before the test module was defined

error: could not compile `datum-gui-render` (lib test) due to 1 previous error
warning: build failed, waiting for other jobs to finish...
