datum-gui diagnostic log pid=254675 start=SystemTime { tv_sec: 1790348030, tv_nsec: 139369988 }
[SystemTime { tv_sec: 1790348030, tv_nsec: 139648235 }] startup args=GuiArgs { terminal_profile: TerminalProfileArgs { selected: "default", custom_name: "custom", program: None, args: [], environment: [], environment_remove: [], cwd: "active", theme: None, font_scale_percent: None, history_lines: None, history_mebibytes: None, cursor: None, bell: None, agent_authority: "propose", unattended_tools: [] }, demo_known_good: false, board_file: None, schematic_file: None, artifact_path: None, project_root: Some("/tmp/pm045-admission-hqugp169/project"), select: None, net_uuid: None, from_anchor_pad_uuid: None, to_anchor_pad_uuid: None, profile: None, visual_test: false, initial_layout: Some("single"), open_menu: None, open_global_preferences: false, open_new_project: false, open_project_preferences: false, focus_pane: None, fixture_revision_surface: None, layers_scroll_end: false, window_size: "1280x800", screenshot_out: None, exit_after_screenshot: false, window_visual_test: false, visual_scale_factor: Some(1.0), interaction_smoke: false, resize_torture_smoke: false, kwin_lifecycle_smoke: false }
[SystemTime { tv_sec: 1790348030, tv_nsec: 148829156 }] resumed event
[SystemTime { tv_sec: 1790348030, tv_nsec: 148856618 }] launch state load begin
[SystemTime { tv_sec: 1790348030, tv_nsec: 148886296 }] request resolve begin
[SystemTime { tv_sec: 1790348030, tv_nsec: 148906911 }] request resolve end project_root=/tmp/pm045-admission-hqugp169/project board_file=None
[SystemTime { tv_sec: 1790348030, tv_nsec: 148926581 }] workspace load begin
[SystemTime { tv_sec: 1790348031, tv_nsec: 620069097 }] workspace load end
[SystemTime { tv_sec: 1790348031, tv_nsec: 620097907 }] camera fit begin
[SystemTime { tv_sec: 1790348031, tv_nsec: 620115406 }] camera fit end
[SystemTime { tv_sec: 1790348031, tv_nsec: 620303028 }] terminal spawn begin
[SystemTime { tv_sec: 1790348031, tv_nsec: 630277178 }] terminal spawn end
[SystemTime { tv_sec: 1790348031, tv_nsec: 630312324 }] launch state load end
[SystemTime { tv_sec: 1790348031, tv_nsec: 633321832 }] window created
[SystemTime { tv_sec: 1790348031, tv_nsec: 633348164 }] runtime creation begin
[SystemTime { tv_sec: 1790348031, tv_nsec: 634643375 }] wgpu instance create begin
[SystemTime { tv_sec: 1790348031, tv_nsec: 746626159 }] wgpu request adapter begin
[SystemTime { tv_sec: 1790348031, tv_nsec: 755982418 }] surface identity window=WindowId(33554436) window_backend=x11 gpu_backend=Vulkan adapter="Intel(R) HD Graphics P630 (KBL GT2)" device_type=IntegratedGpu driver="Intel open-source Mesa driver" driver_info="Mesa 25.0.7-2+deb13u1"
[SystemTime { tv_sec: 1790348031, tv_nsec: 756009709 }] wgpu request device begin
[SystemTime { tv_sec: 1790348031, tv_nsec: 794597066 }] wgpu request device end
[SystemTime { tv_sec: 1790348031, tv_nsec: 794792328 }] initial surface configuration requested 1280x800 format=Bgra8UnormSrgb present=Fifo msaa=8
[SystemTime { tv_sec: 1790348031, tv_nsec: 794812163 }] renderer init begin
[SystemTime { tv_sec: 1790348031, tv_nsec: 919042307 }] gpu_measurement_host host=1 epoch=1 window=WindowId(33554436) timestamp_period_ns=83.333336
[SystemTime { tv_sec: 1790348031, tv_nsec: 919063875 }] renderer init end
[SystemTime { tv_sec: 1790348031, tv_nsec: 920464327 }] runtime creation end
[SystemTime { tv_sec: 1790348031, tv_nsec: 920575613 }] window visible
[SystemTime { tv_sec: 1790348031, tv_nsec: 920697674 }] surface configure begin
[SystemTime { tv_sec: 1790348031, tv_nsec: 922654277 }] surface configure end
[SystemTime { tv_sec: 1790348031, tv_nsec: 922679273 }] native queue configured host=1 configurations=1 submitted=0 completed=0
gpu_measurement_incomplete {"device_epoch":1,"frame":1,"host":1,"reason":"cold_upload_multisubmission_timestamps_unqualified","status":"incomplete","submission":1}
gpu_measurement_incomplete {"device_epoch":1,"frame":1,"host":1,"reason":"cold_upload_multisubmission_timestamps_unqualified","status":"incomplete","submission":2}
gpu_measurement {"device_epoch":1,"frame":2,"frame_span_ns":14749500.450119019,"host":1,"own_pass_sum_ns":14675917.1145401,"passes_ns":[["scene",7924583.575172424],["text",1820416.7222213745],["menu-background",2837000.086578369],["menu-text",2093916.7305679321]],"raw_ticks":[66471571469,66471666564,66471667068,66471688913,66471689096,66471723140,66471723336,66471748463],"submission":3,"timestamp_period_ns":83.33333587646484}
gpu_measurement {"device_epoch":1,"frame":3,"frame_span_ns":8121083.581169128,"host":1,"own_pass_sum_ns":8089583.580207825,"passes_ns":[["scene",4775416.812400818],["text",1119750.034172058],["menu-background",1118916.7008132935],["menu-text",1075500.0328216553]],"raw_ticks":[66471934821,66471992126,66471992248,66472005685,66472005817,66472019244,66472019368,66472032274],"submission":4,"timestamp_period_ns":83.33333587646484}
gpu_measurement {"device_epoch":1,"frame":4,"frame_span_ns":8844416.936576843,"host":1,"own_pass_sum_ns":8811916.935585022,"passes_ns":[["scene",5423500.165512085],["text",1141500.0348358154],["menu-background",1141750.0348434448],["menu-text",1105166.7003936768]],"raw_ticks":[66472066796,66472131878,66472132014,66472145712,66472145841,66472159542,66472159667,66472172929],"submission":5,"timestamp_period_ns":83.33333587646484}
gpu_measurement {"device_epoch":1,"frame":5,"frame_span_ns":8601333.595825195,"host":1,"own_pass_sum_ns":8569833.594863892,"passes_ns":[["scene",4360083.466392517],["text",1905500.0581512451],["menu-background",1287000.039276123],["menu-text",1017250.0310440063]],"raw_ticks":[66472248854,66472301175,66472301299,66472324165,66472324297,66472339741,66472339863,66472352070],"submission":6,"timestamp_period_ns":83.33333587646484}
gpu_measurement {"device_epoch":1,"frame":6,"frame_span_ns":7317166.889968872,"host":1,"own_pass_sum_ns":7286916.889045715,"passes_ns":[["scene",4125583.459236145],["text",1068833.365951538],["menu-background",1067666.6992492676],["menu-text",1024833.3646087646]],"raw_ticks":[66472411052,66472460559,66472460681,66472473507,66472473629,66472486441,66472486560,66472498858],"submission":7,"timestamp_period_ns":83.33333587646484}
gpu_measurement {"device_epoch":1,"frame":7,"frame_span_ns":7192000.219482422,"host":1,"own_pass_sum_ns":7163333.551940918,"passes_ns":[["scene",4105416.7919540405],["text",1024250.0312576294],["menu-background",1038166.698348999],["menu-text",995500.030380249]],"raw_ticks":[66472592692,66472641957,66472642071,66472654362,66472654477,66472666935,66472667050,66472678996],"submission":8,"timestamp_period_ns":83.33333587646484}
[SystemTime { tv_sec: 1790348037, tv_nsec: 558308899 }] surface identity window=WindowId(33554454) window_backend=x11 gpu_backend=Vulkan adapter="Intel(R) HD Graphics P630 (KBL GT2)" device_type=IntegratedGpu driver="Intel open-source Mesa driver" driver_info="Mesa 25.0.7-2+deb13u1"
[SystemTime { tv_sec: 1790348037, tv_nsec: 562922334 }] gpu_measurement_host host=2 epoch=1 window=WindowId(33554454) timestamp_period_ns=83.333336
gpu_measurement {"device_epoch":1,"frame":8,"frame_span_ns":9649750.294487,"host":1,"own_pass_sum_ns":9633416.960655212,"passes_ns":[["scene",7680750.234397888],["text",1952666.7262573242]],"raw_ticks":[66477469362,66477561531,66477561727,66477585159],"submission":9,"timestamp_period_ns":83.33333587646484}
[SystemTime { tv_sec: 1790348037, tv_nsec: 577741423 }] surface configure begin
[SystemTime { tv_sec: 1790348037, tv_nsec: 609485212 }] surface configure end
[SystemTime { tv_sec: 1790348037, tv_nsec: 609528314 }] native queue configured host=2 configurations=2 submitted=9 completed=9
gpu_measurement {"device_epoch":1,"frame":1,"frame_span_ns":2443500.074569702,"host":2,"own_pass_sum_ns":2443500.074569702,"passes_ns":[["dialog",2443500.074569702]],"raw_ticks":[66478194032,66478223354],"submission":10,"timestamp_period_ns":83.33333587646484}
gpu_measurement {"device_epoch":1,"frame":9,"frame_span_ns":11475250.350196838,"host":1,"own_pass_sum_ns":11458167.016342163,"passes_ns":[["scene",9624833.627059937],["text",1833333.3892822266]],"raw_ticks":[66483919026,66484034524,66484034729,66484056729],"submission":11,"timestamp_period_ns":83.33333587646484}
gpu_measurement {"device_epoch":1,"frame":10,"frame_span_ns":10578583.656166077,"host":1,"own_pass_sum_ns":10539750.321647644,"passes_ns":[["scene",6385666.861541748],["text",1398166.7093353271],["menu-background",1404750.0428695679],["menu-text",1351166.707901001]],"raw_ticks":[66484217528,66484294156,66484294312,66484311090,66484311246,66484328103,66484328257,66484344471],"submission":12,"timestamp_period_ns":83.33333587646484}
gpu_measurement {"device_epoch":1,"frame":11,"frame_span_ns":13603750.415153503,"host":1,"own_pass_sum_ns":13556667.0803833,"passes_ns":[["scene",7561500.230758667],["text",2156750.0658187866],["menu-background",1889250.0576553345],["menu-text",1949166.7261505127]],"raw_ticks":[66485415268,66485506006,66485506196,66485532077,66485532269,66485554940,66485555123,66485578513],"submission":13,"timestamp_period_ns":83.33333587646484}
gpu_measurement {"device_epoch":1,"frame":12,"frame_span_ns":12145667.037322998,"host":1,"own_pass_sum_ns":12108833.7028656,"passes_ns":[["scene",7549833.563735962],["text",1738083.3863754272],["menu-background",1416250.04322052],["menu-text",1404666.7095336914]],"raw_ticks":[66485707671,66485798269,66485798420,66485819277,66485819424,66485836419,66485836563,66485853419],"submission":14,"timestamp_period_ns":83.33333587646484}
gpu_measurement {"device_epoch":1,"frame":13,"frame_span_ns":8682166.931625366,"host":1,"own_pass_sum_ns":8649583.597297668,"passes_ns":[["scene",4395333.467468262],["text",1125500.0343475342],["menu-background",1955166.7263336182],["menu-text",1173583.3691482544]],"raw_ticks":[66485907156,66485959900,66485960035,66485973541,66485973671,66485997133,66485997259,66486011342],"submission":15,"timestamp_period_ns":83.33333587646484}
gpu_measurement {"device_epoch":1,"frame":14,"frame_span_ns":5197666.825286865,"host":1,"own_pass_sum_ns":5175500.157943726,"passes_ns":[["scene",3058750.093345642],["text",797333.3576660156],["menu-background",685416.6875839233],["menu-text",634000.0193481445]],"raw_ticks":[66486068204,66486104909,66486105007,66486114575,66486114673,66486122898,66486122968,66486130576],"submission":16,"timestamp_period_ns":83.33333587646484}
[SystemTime { tv_sec: 1790348038, tv_nsec: 474397067 }] surface identity window=WindowId(33554472) window_backend=x11 gpu_backend=Vulkan adapter="Intel(R) HD Graphics P630 (KBL GT2)" device_type=IntegratedGpu driver="Intel open-source Mesa driver" driver_info="Mesa 25.0.7-2+deb13u1"
[SystemTime { tv_sec: 1790348038, tv_nsec: 484790621 }] gpu_measurement_host host=3 epoch=1 window=WindowId(33554472) timestamp_period_ns=83.333336
gpu_measurement {"device_epoch":1,"frame":15,"frame_span_ns":9122833.611740112,"host":1,"own_pass_sum_ns":9106916.944587708,"passes_ns":[["scene",7277083.5554122925],["text",1829833.389175415]],"raw_ticks":[66488534127,66488621452,66488621643,66488643601],"submission":17,"timestamp_period_ns":83.33333587646484}
[SystemTime { tv_sec: 1790348038, tv_nsec: 500348993 }] surface configure begin
[SystemTime { tv_sec: 1790348038, tv_nsec: 505815520 }] surface configure end
[SystemTime { tv_sec: 1790348038, tv_nsec: 505850519 }] native queue configured host=3 configurations=3 submitted=17 completed=17
gpu_measurement {"device_epoch":1,"frame":1,"frame_span_ns":2550833.411178589,"host":3,"own_pass_sum_ns":2550833.411178589,"passes_ns":[["dialog",2550833.411178589]],"raw_ticks":[66488948227,66488978837],"submission":18,"timestamp_period_ns":83.33333587646484}
gpu_measurement {"device_epoch":1,"frame":16,"frame_span_ns":10423583.651435852,"host":1,"own_pass_sum_ns":10407666.984283447,"passes_ns":[["scene",8689583.598518372],["text",1718083.3857650757]],"raw_ticks":[66491514189,66491618464,66491618655,66491639272],"submission":19,"timestamp_period_ns":83.33333587646484}
gpu_measurement {"device_epoch":1,"frame":17,"frame_span_ns":12358917.043830872,"host":1,"own_pass_sum_ns":12304167.042160034,"passes_ns":[["scene",8067916.912879944],["text",1455500.044418335],["menu-background",1385000.0422668457],["menu-text",1395750.0425949097]],"raw_ticks":[66491730563,66491827378,66491827730,66491845196,66491845347,66491861967,66491862121,66491878870],"submission":20,"timestamp_period_ns":83.33333587646484}
gpu_measurement {"device_epoch":1,"frame":18,"frame_span_ns":24142834.070114136,"host":1,"own_pass_sum_ns":24093167.401931763,"passes_ns":[["scene",8500916.926094055],["text",1899333.3912963867],["menu-background",12031167.033828735],["menu-text",1661750.0507125854]],"raw_ticks":[66492953301,66493055312,66493055505,66493078297,66493078503,66493222877,66493223074,66493243015],"submission":21,"timestamp_period_ns":83.33333587646484}
gpu_measurement {"device_epoch":1,"frame":19,"frame_span_ns":10616250.323982239,"host":1,"own_pass_sum_ns":10578416.989494324,"passes_ns":[["scene",5728166.84147644],["text",1422000.043395996],["menu-background",2234000.0681762695],["menu-text",1194250.0364456177]],"raw_ticks":[66493307952,66493376690,66493376849,66493393913,66493394074,66493420882,66493421016,66493435347],"submission":22,"timestamp_period_ns":83.33333587646484}
gpu_measurement {"device_epoch":1,"frame":20,"frame_span_ns":7342916.8907547,"host":1,"own_pass_sum_ns":7320583.556739807,"passes_ns":[["scene",4282333.464019775],["text",827666.6919250488],["menu-background",808750.0246810913],["menu-text",1401833.3761138916]],"raw_ticks":[66493510591,66493561979,66493562067,66493571999,66493572090,66493581795,66493581884,66493598706],"submission":23,"timestamp_period_ns":83.33333587646484}
gpu_measurement {"device_epoch":1,"frame":21,"frame_span_ns":5427916.832313538,"host":1,"own_pass_sum_ns":5405500.164962769,"passes_ns":[["scene",3061333.4267578125],["text",791666.690826416],["menu-background",821583.3584060669],["menu-text",730916.6889724731]],"raw_ticks":[66493638333,66493675069,66493675158,66493684658,66493684751,66493694610,66493694697,66493703468],"submission":24,"timestamp_period_ns":83.33333587646484}
[SystemTime { tv_sec: 1790348039, tv_nsec: 99235837 }] surface identity window=WindowId(33554490) window_backend=x11 gpu_backend=Vulkan adapter="Intel(R) HD Graphics P630 (KBL GT2)" device_type=IntegratedGpu driver="Intel open-source Mesa driver" driver_info="Mesa 25.0.7-2+deb13u1"
[SystemTime { tv_sec: 1790348039, tv_nsec: 105354979 }] gpu_measurement_host host=4 epoch=1 window=WindowId(33554490) timestamp_period_ns=83.333336
gpu_measurement {"device_epoch":1,"frame":22,"frame_span_ns":9171500.279891968,"host":1,"own_pass_sum_ns":9155333.612731934,"passes_ns":[["scene",7323333.5568237305],["text",1832000.0559082031]],"raw_ticks":[66496088778,66496176658,66496176852,66496198836],"submission":25,"timestamp_period_ns":83.33333587646484}
[SystemTime { tv_sec: 1790348039, tv_nsec: 134456944 }] surface configure begin
[SystemTime { tv_sec: 1790348039, tv_nsec: 137512871 }] surface configure end
[SystemTime { tv_sec: 1790348039, tv_nsec: 137542355 }] native queue configured host=4 configurations=4 submitted=25 completed=25
gpu_measurement {"device_epoch":1,"frame":1,"frame_span_ns":2390000.0729370117,"host":4,"own_pass_sum_ns":2390000.0729370117,"passes_ns":[["dialog",2390000.0729370117]],"raw_ticks":[66496532537,66496561217],"submission":26,"timestamp_period_ns":83.33333587646484}
gpu_measurement {"device_epoch":1,"frame":23,"frame_span_ns":9048416.94280243,"host":1,"own_pass_sum_ns":9032750.275657654,"passes_ns":[["scene",7206416.88658905],["text",1826333.3890686035]],"raw_ticks":[66499054143,66499140620,66499140808,66499162724],"submission":27,"timestamp_period_ns":83.33333587646484}
