...
----------------------------------------------------------------------
Ran 3 tests in 0.003s

OK
Cargo resource policy: PASS
== rustfmt: workspace formatting gate ==
........
----------------------------------------------------------------------
Ran 8 tests in 0.001s

OK
rustfmt gate passed for workspace (3 ceiling-bound exemption(s) in specs/rustfmt_exemption_manifest.json).
== clippy: workspace lint gate (-D warnings) ==
Cargo resource preflight: target=/home/bfadmin/Documents/datum-eda/target size=35.0 GiB target_free=167.2 GiB tmp_free=6.6 GiB
warning: Cargo target exceeds soft limit: 35.0 GiB used; soft limit 20.0 GiB
    Checking datum-gui-app v0.1.0 (/home/bfadmin/Documents/datum-eda/crates/gui-app)
    Finished `dev` profile [unoptimized + debuginfo] target(s) in 5.84s
Progress coverage audit passed.
.............................................
----------------------------------------------------------------------
Ran 45 tests in 0.977s

OK
.....
----------------------------------------------------------------------
Ran 5 tests in 0.000s

OK
....
----------------------------------------------------------------------
Ran 4 tests in 0.122s

OK
Project status check passed (59 frontier items).
Spec parity check passed (20 inventories).
Alignment audit passed.
Spec governance gate passed (315 specs classified: 243 governed, 50 doctrine, 6 pending, 16 historical).
Project Preferences tripwire satisfied: drawing without a spec is allowed.
Evidence traceability gate passed (28 routes, 124 research/prototype artifacts).
..
----------------------------------------------------------------------
Ran 2 tests in 0.000s

OK
dependency authority: PASS
Resolver raw-load guard passed (0 allowlisted call sites).
Global Preferences boundary gate passed (5 product-service adapters; 3 engine mutation files).
...........
----------------------------------------------------------------------
Ran 11 tests in 0.003s

OK
GUI agent/terminal convergence guard passed.
.
----------------------------------------------------------------------
Ran 1 test in 0.000s

OK
Terminal shell metadata boundary passed.
.....
----------------------------------------------------------------------
Ran 5 tests in 0.008s

OK
terminal split boundary: PASS
........................
----------------------------------------------------------------------
Ran 24 tests in 0.164s

OK
terminal transport boundary: PASS
.....................
----------------------------------------------------------------------
Ran 21 tests in 0.363s

OK
Datum TerminalCore boundary check passed.
............
----------------------------------------------------------------------
Ran 12 tests in 0.038s

OK
terminal core adapter boundary: PASS
....
----------------------------------------------------------------------
Ran 4 tests in 0.007s

OK
terminal compatibility matrix passed (13 real programs; 5 Datum-authored standards domains).
......
----------------------------------------------------------------------
Ran 6 tests in 0.073s

OK
terminal core renderer boundary: PASS
............
----------------------------------------------------------------------
Ran 12 tests in 0.001s

OK
Terminal native-interaction boundary passed
....
----------------------------------------------------------------------
Ran 4 tests in 0.028s

OK
Datum TerminalCore Kitty boundary check passed.
....
----------------------------------------------------------------------
Ran 4 tests in 0.026s

OK
Datum TerminalCore snapshot boundary check passed.
....
----------------------------------------------------------------------
Ran 4 tests in 0.007s

OK
Datum TerminalCore proof gate passed.
    Finished `test` profile [unoptimized + debuginfo] target(s) in 0.13s
     Running unittests src/lib.rs (target/debug/deps/datum_terminal_core-3097ce4e19418698)

running 4 tests
test proof_tests::hostile_streams_exhaust_limits_then_reset_to_bounded_initial_state ... ok
test proof_tests::normative_corpus_matches_expected_state_and_every_chunk_partition ... ok
test proof_tests::repeated_generations_remain_within_history_graphics_and_snapshot_resources ... ok
test proof_tests::seeded_generational_mutation_replays_and_shrinks_deterministically ... ok

test result: ok. 4 passed; 0 failed; 0 ignored; 0 measured; 131 filtered out; finished in 0.05s

{"actions": 5033984, "elapsed_ns": 1964904269, "errors": 0, "events": 0, "history_rows": 4096, "mib_per_second": 4.071, "payload_bytes": 8388608, "replies": 0, "schema": "datum-terminal-core-proof-v1", "snapshot_rows": 4136}
GUI design token gate passed (35 mirrored color tokens, 7 type tokens, 16 spacing/radius tokens, 29 prototype vars, PM-038 Revision recovery boundary, 12 contrast checks, copper/chrome literal consumption verified).
Datum Console boundary passed: typed consequence-only state, consumer-only renderer, and terminal/progress/finding routes remain separated.
Cargo resource preflight: target=/home/bfadmin/Documents/datum-eda/target size=35.0 GiB target_free=167.2 GiB tmp_free=6.6 GiB
warning: Cargo target exceeds soft limit: 35.0 GiB used; soft limit 20.0 GiB
    Finished `test` profile [unoptimized + debuginfo] target(s) in 0.24s
     Running unittests src/main.rs (target/debug/deps/datum_gui-89f6505f70927b20)

running 8 tests
test global_preferences_window::native_dialog_hit_tests::native_shared_device_hosts_preserve_hidden_terminal_and_console_work ... ignored, requires X11/Vulkan, isolated config and DATUM_NATIVE_TEST_BOARD; run serially
test console_accessibility::tests::ordinary_refusal_is_polite_and_severity_is_redundant_in_text ... ok
test console_accessibility::tests::high_priority_requires_an_explicit_critical_consequence ... ok
test console_feedback::tests::history_controls_never_take_keyboard_focus ... ok
test terminal_accessibility_bridge::tests::console_announces_without_a_terminal_snapshot ... ok
test console_feedback::tests::publication_is_typed_and_cannot_mutate_terminal_state ... ok
test terminal_accessibility_platform::events::tests::console_announcement_uses_application_root_and_priority_payload ... ok
test console_feedback::tests::terminal_progress_and_findings_producers_stay_outside_console ... ok

test result: ok. 7 passed; 0 failed; 1 ignored; 0 measured; 406 filtered out; finished in 0.00s

     Running tests/visual_shell.rs (target/debug/deps/visual_shell-ec286a3bff236aad)

running 0 tests

test result: ok. 0 passed; 0 failed; 0 ignored; 0 measured; 1 filtered out; finished in 0.00s

     Running unittests src/lib.rs (target/debug/deps/datum_gui_protocol-547bdcbb35d249c6)

running 8 tests
test console_feedback::tests::history_filters_and_scroll_are_consumer_state_only ... ok
test console_feedback::tests::inspection_pauses_and_resumes_remaining_echo_lifetime ... ok
test console_feedback::tests::prompts_refusals_and_never_preference_ignore_echo_deadline ... ok
test console_feedback::tests::records_are_typed_sequenced_and_bounded ... ok
test console_feedback::tests::transient_echo_fades_but_remains_recoverable_in_history ... ok
test console_feedback::tests::refusal_is_persistent_typed_output ... ok
test console_feedback::tests::journal_history_excludes_launch_baseline_and_reports_exact_omission ... ok
test console_feedback::tests::gui_action_feedback_cannot_mutate_terminal_projection ... ok

test result: ok. 8 passed; 0 failed; 0 ignored; 0 measured; 114 filtered out; finished in 0.02s

     Running tests/check_runs.rs (target/debug/deps/check_runs-8455d0da5fb46f5e)

running 0 tests

test result: ok. 0 passed; 0 failed; 0 ignored; 0 measured; 5 filtered out; finished in 0.00s

     Running tests/output_jobs.rs (target/debug/deps/output_jobs-300f760001141e39)

running 0 tests

test result: ok. 0 passed; 0 failed; 0 ignored; 0 measured; 11 filtered out; finished in 0.00s

     Running tests/terminal_command_catalog.rs (target/debug/deps/terminal_command_catalog-92b74ea61dac7253)

running 0 tests

test result: ok. 0 passed; 0 failed; 0 ignored; 0 measured; 1 filtered out; finished in 0.00s

     Running tests/terminal_lane.rs (target/debug/deps/terminal_lane-12a593c3e5c622ce)

running 0 tests

test result: ok. 0 passed; 0 failed; 0 ignored; 0 measured; 1 filtered out; finished in 0.00s

Cargo resource preflight: target=/home/bfadmin/Documents/datum-eda/target size=35.0 GiB target_free=167.2 GiB tmp_free=6.6 GiB
warning: Cargo target exceeds soft limit: 35.0 GiB used; soft limit 20.0 GiB
    Finished `test` profile [unoptimized + debuginfo] target(s) in 0.28s
     Running unittests src/lib.rs (target/debug/deps/datum_gui_render-ca0a5acac071f491)

running 9 tests
test datum_console::tests::narrow_console_history_clips_controls_to_panel_and_pane ... ok
test datum_console::tests::history_renders_without_a_visible_feedback_strip ... ok
test datum_console::tests::maximized_terminal_open_and_narrow_layouts_preserve_body_anchor ... ok
test datum_console::tests::refusal_has_textual_semantics_and_empty_state_emits_nothing ... ok
test datum_console::tests::overlay_follows_exactly_one_focused_pane_across_scale_matrix ... ok
test datum_console::history_layout::tests::wrapping_counts_newlines_and_long_words_and_bounds_oversized_records ... ok
test datum_console::history_layout::tests::wrapped_refusals_have_disjoint_complete_clips_at_narrow_and_scaled_sizes ... ok
test datum_console::tests::expanded_history_distinguishes_feedback_from_ordinal_journal_truth ... ok
test datum_console::tests::prepared_scene_threads_console_geometry_and_clipped_text ... ok

test result: ok. 9 passed; 0 failed; 0 ignored; 0 measured; 426 filtered out; finished in 0.82s

Cargo resource preflight: target=/home/bfadmin/Documents/datum-eda/target size=35.0 GiB target_free=167.2 GiB tmp_free=6.6 GiB
warning: Cargo target exceeds soft limit: 35.0 GiB used; soft limit 20.0 GiB
    Finished `test` profile [unoptimized + debuginfo] target(s) in 0.17s
     Running tests/visual_goldens.rs (target/debug/deps/visual_goldens-7165af384ea526bc)

running 1 test
test console_visual_goldens_match ... ok

test result: ok. 1 passed; 0 failed; 0 ignored; 0 measured; 4 filtered out; finished in 13.21s

GUI design token gate passed (35 mirrored color tokens, 7 type tokens, 16 spacing/radius tokens, 29 prototype vars, PM-038 Revision recovery boundary, 12 contrast checks, copper/chrome literal consumption verified).
menu_model gate passed: 193 entries (117 verb-backed, 29 gui-local, 41 not-built/worklist, 6 submenu-ref, 0 empty); all verb references valid; icons: 9 eda-existing / 34 eda-to-author / 62 tabler-mapped, all declared in icon_set.json; 24 shortcuts, no conflicts.
OUT OF SYNC: docs/gui/menu_model.json != build(docs/gui/menu_model.csv). Run: python3 scripts/menu_model_csv.py build
GUI-CONFORMANCE output-only Datum Console boundary: /usr/bin/python3 scripts/check_datum_console_boundary.py
GUI-CONFORMANCE Console typed state and producer routing tests: /usr/bin/python3 scripts/run_cargo_guarded.py --workload proof -- cargo test -p datum-gui-protocol -p datum-gui-app console_
GUI-CONFORMANCE Console render behavior tests: /usr/bin/python3 scripts/run_cargo_guarded.py --workload proof -- cargo test -p datum-gui-render datum_console --lib --features visual
GUI-CONFORMANCE Console exact visual goldens: /usr/bin/python3 scripts/run_cargo_guarded.py --workload proof -- cargo test -p datum-gui-render --test visual_goldens --features visual console_visual_goldens_match -- --nocapture
GUI-CONFORMANCE token/value/prototype parity: /usr/bin/python3 scripts/check_gui_design_tokens.py
GUI-CONFORMANCE menu model manifest: /usr/bin/python3 scripts/check_menu_model.py
GUI-CONFORMANCE menu model csv parity: /usr/bin/python3 scripts/menu_model_csv.py check
Traceback (most recent call last):
  File "/home/bfadmin/Documents/datum-eda/scripts/check_gui_conformance.py", line 128, in <module>
    raise SystemExit(main())
                     ~~~~^^
  File "/home/bfadmin/Documents/datum-eda/scripts/check_gui_conformance.py", line 122, in main
    subprocess.run(command, cwd=ROOT, check=True)
    ~~~~~~~~~~~~~~^^^^^^^^^^^^^^^^^^^^^^^^^^^^^^^
  File "/usr/lib/python3.13/subprocess.py", line 577, in run
    raise CalledProcessError(retcode, process.args,
                             output=stdout, stderr=stderr)
subprocess.CalledProcessError: Command '['/usr/bin/python3', 'scripts/menu_model_csv.py', 'check']' returned non-zero exit status 1.
