Cargo resource preflight: target=/home/bfadmin/Documents/datum-eda/target size=31.5 GiB target_free=168.9 GiB tmp_free=6.4 GiB
warning: Cargo target exceeds soft limit: 31.5 GiB used; soft limit 20.0 GiB
    Blocking waiting for file lock on build directory
   Compiling datum-gui-render v0.1.0 (/home/bfadmin/Documents/datum-eda/crates/gui-render)
    Finished `test` profile [unoptimized + debuginfo] target(s) in 20.64s
     Running unittests src/lib.rs (target/debug/deps/datum_gui_render-ca0a5acac071f491)

running 2 tests
test visual::visual_capture::offscreen_session_tests::prefix_qualification_tests::p630_exact8_pointer_hover_composition_and_recovery ... exact8x adapter=AdapterInfo { name: "Intel(R) HD Graphics P630 (KBL GT2)", vendor: 32902, device: 22813, device_type: IntegratedGpu, device_pci_bus_id: "0000:00:02.0", driver: "Intel open-source Mesa driver", driver_info: "Mesa 25.0.7-2+deb13u1", backend: Vulkan, subgroup_min_size: 8, subgroup_max_size: 32, transient_saves_memory: false }, format=TextureFormatFeatures { allowed_usages: TextureUsages(COPY_SRC | COPY_DST | TEXTURE_BINDING | RENDER_ATTACHMENT | TRANSIENT), flags: TextureFormatFeatureFlags(FILTERABLE | MULTISAMPLE_X2 | MULTISAMPLE_X4 | MULTISAMPLE_X8 | MULTISAMPLE_X16 | MULTISAMPLE_RESOLVE | BLENDABLE) }
datum-import warning [/home/bfadmin/Documents/datum-eda/crates/gui-render/../engine/testdata/import/kicad/simple-demo.kicad_pcb]: parsed KiCad board skeleton into canonical nets, packages, tracks, vias, zones, and stackup; full geometry and rule import is not implemented yet
datum-import warning [/home/bfadmin/Documents/datum-eda/crates/gui-render/../engine/testdata/import/kicad/simple-demo.kicad_pcb]: zone dddddddd-dddd-dddd-dddd-dddddddddddd on layer F.Cu: no filled polygon; rendering authored boundary template instead
datum-import warning [/home/bfadmin/Documents/datum-eda/crates/gui-render/../engine/testdata/import/kicad/simple-demo.kicad_sch]: parsed KiCad schematic header and skeleton forms only; full symbol/connectivity import is not implemented yet
exact8x P630 case passed: cold board and schematic
exact8x P630 case passed: Board/FullViewport/Some(ScreenPointPx { x: 369.1725, y: 347.894 })
exact8x P630 case passed: Board/FullViewport/Some(ScreenPointPx { x: 462.1075, y: 455.158 })
exact8x P630 case passed: Board/FullViewport/None
exact8x P630 case passed: Board/Local/Some(ScreenPointPx { x: 369.1725, y: 347.894 })
exact8x P630 case passed: Board/Local/Some(ScreenPointPx { x: 462.1075, y: 455.158 })
exact8x P630 case passed: Board/Local/None
exact8x P630 case passed: Board/None/Some(ScreenPointPx { x: 369.1725, y: 347.894 })
exact8x P630 case passed: Board/None/Some(ScreenPointPx { x: 462.1075, y: 455.158 })
exact8x P630 case passed: Board/None/None
exact8x P630 case passed: Schematic/FullViewport/Some(ScreenPointPx { x: 749.6725, y: 347.894 })
exact8x P630 case passed: Schematic/FullViewport/Some(ScreenPointPx { x: 842.60754, y: 455.158 })
exact8x P630 case passed: Schematic/FullViewport/None
exact8x P630 case passed: Schematic/Local/Some(ScreenPointPx { x: 749.6725, y: 347.894 })
exact8x P630 case passed: Schematic/Local/Some(ScreenPointPx { x: 842.60754, y: 455.158 })
exact8x P630 case passed: Schematic/Local/None
exact8x P630 case passed: Schematic/None/Some(ScreenPointPx { x: 749.6725, y: 347.894 })
exact8x P630 case passed: Schematic/None/Some(ScreenPointPx { x: 842.60754, y: 455.158 })
exact8x P630 case passed: Schematic/None/None

thread 'visual::visual_capture::offscreen_session_tests::prefix_qualification_tests::p630_exact8_pointer_hover_composition_and_recovery' (1346382) panicked at crates/gui-render/src/render/prefix_qualification_tests.rs:79:49:
called `Option::unwrap()` on a `None` value
note: run with `RUST_BACKTRACE=1` environment variable to display a backtrace
FAILED
test visual::visual_capture::offscreen_session_tests::prefix_qualification_tests::p630_exact8_terminal_layers_and_equal_length_replacement ... exact8x adapter=AdapterInfo { name: "Intel(R) HD Graphics P630 (KBL GT2)", vendor: 32902, device: 22813, device_type: IntegratedGpu, device_pci_bus_id: "0000:00:02.0", driver: "Intel open-source Mesa driver", driver_info: "Mesa 25.0.7-2+deb13u1", backend: Vulkan, subgroup_min_size: 8, subgroup_max_size: 32, transient_saves_memory: false }, format=TextureFormatFeatures { allowed_usages: TextureUsages(COPY_SRC | COPY_DST | TEXTURE_BINDING | RENDER_ATTACHMENT | TRANSIENT), flags: TextureFormatFeatureFlags(FILTERABLE | MULTISAMPLE_X2 | MULTISAMPLE_X4 | MULTISAMPLE_X8 | MULTISAMPLE_X16 | MULTISAMPLE_RESOLVE | BLENDABLE) }
datum-import warning [/home/bfadmin/Documents/datum-eda/crates/gui-render/../engine/testdata/import/kicad/simple-demo.kicad_pcb]: parsed KiCad board skeleton into canonical nets, packages, tracks, vias, zones, and stackup; full geometry and rule import is not implemented yet
datum-import warning [/home/bfadmin/Documents/datum-eda/crates/gui-render/../engine/testdata/import/kicad/simple-demo.kicad_pcb]: zone dddddddd-dddd-dddd-dddd-dddddddddddd on layer F.Cu: no filled polygon; rendering authored boundary template instead
datum-import warning [/home/bfadmin/Documents/datum-eda/crates/gui-render/../engine/testdata/import/kicad/simple-demo.kicad_sch]: parsed KiCad schematic header and skeleton forms only; full symbol/connectivity import is not implemented yet
exact8x P630 case passed: terminal text A
exact8x P630 case passed: terminal and menu warm composition
exact8x P630 case passed: terminal text A
exact8x P630 case passed: terminal and menu warm composition
exact8x P630 case passed: terminal text B
exact8x P630 case passed: terminal and menu warm composition
exact8x P630 case passed: terminal text B
exact8x P630 case passed: terminal and menu warm composition
exact8x P630 case passed: terminal background and foreground images
exact8x P630 case passed: terminal and menu warm composition
exact8x P630 case passed: terminal background and foreground images
exact8x P630 case passed: terminal and menu warm composition
ok

failures:

failures:
    visual::visual_capture::offscreen_session_tests::prefix_qualification_tests::p630_exact8_pointer_hover_composition_and_recovery

test result: FAILED. 1 passed; 1 failed; 0 ignored; 0 measured; 518 filtered out; finished in 2.08s

error: test failed, to rerun pass `-p datum-gui-render --lib`
