Cargo resource preflight: target=/home/bfadmin/Documents/datum-eda/target size=31.5 GiB target_free=169.0 GiB tmp_free=6.4 GiB
warning: Cargo target exceeds soft limit: 31.5 GiB used; soft limit 20.0 GiB
    Checking bitflags v2.11.0
    Checking smallvec v1.15.1
    Checking once_cell v1.21.4
    Checking bytemuck v1.25.0
    Checking ttf-parser v0.25.1
    Checking datum-verb-registry v0.1.0 (/home/bfadmin/Documents/datum-eda/crates/verb-registry)
    Checking smol_str v0.2.2
    Checking datum-terminal-core v0.1.0 (/home/bfadmin/Documents/datum-eda/crates/terminal-core)
    Checking gpu-descriptor-types v0.2.0
    Checking spirv v0.3.0+sdk-1.3.268.0
    Checking parking_lot_core v0.9.12
    Checking gpu-descriptor v0.3.2
    Checking ahash v0.8.12
    Checking parking_lot v0.12.5
    Checking font-types v0.11.1
    Checking wgpu-types v28.0.0
    Checking hashbrown v0.14.5
    Checking font-types v0.10.1
    Checking qoi v0.4.1
    Checking read-fonts v0.37.0
    Checking exr v1.74.0
    Checking read-fonts v0.35.0
    Checking naga v28.0.0
    Checking hashlink v0.9.1
    Checking png v0.18.1
    Checking rusqlite v0.32.1
    Checking fontdb v0.23.0
    Checking eda-engine v0.1.0 (/home/bfadmin/Documents/datum-eda/crates/engine)
    Checking image v0.25.10
    Checking skrifa v0.40.0
    Checking harfrust v0.3.2
    Checking skrifa v0.37.0
    Checking swash v0.2.7
    Checking wgpu-hal v28.0.1
    Checking cosmic-text v0.15.0
    Checking wgpu-core-deps-windows-linux-android v28.0.0
    Checking wgpu-core v28.0.1
    Checking wgpu v28.0.0
    Checking glyphon v0.10.0
    Checking datum-gui-protocol v0.1.0 (/home/bfadmin/Documents/datum-eda/crates/gui-protocol)
    Checking datum-gui-viewport v0.1.0 (/home/bfadmin/Documents/datum-eda/crates/gui-viewport)
    Checking datum-gui-render v0.1.0 (/home/bfadmin/Documents/datum-eda/crates/gui-render)
warning: unused import: `PrefixImages`
 --> crates/gui-render/src/render/gpu_surface.rs:7:46
  |
7 | pub(crate) use prefix_images::{PairIdentity, PrefixImages};
  |                                              ^^^^^^^^^^^^
  |
  = note: `#[warn(unused_imports)]` (part of `#[warn(unused)]`) on by default

warning: `datum-gui-render` (lib) generated 1 warning (run `cargo fix --lib -p datum-gui-render` to apply 1 suggestion)
    Finished `dev` profile [unoptimized + debuginfo] target(s) in 39.78s
