Cargo resource preflight: target=/home/bfadmin/Documents/datum-eda/target size=31.6 GiB target_free=168.9 GiB tmp_free=6.4 GiB
warning: Cargo target exceeds soft limit: 31.6 GiB used; soft limit 20.0 GiB
   Compiling datum-gui-render v0.1.0 (/home/bfadmin/Documents/datum-eda/crates/gui-render)
    Finished `test` profile [unoptimized + debuginfo] target(s) in 19.93s
     Running unittests src/lib.rs (target/debug/deps/datum_gui_render-ca0a5acac071f491)

running 5 tests
test visual::visual_capture::offscreen_session_tests::prefix_graph_tests::encoded_images_survive_eviction_until_actual_submission_completion ... exact8x adapter=AdapterInfo { name: "Quadro M620", vendor: 4318, device: 5044, device_type: DiscreteGpu, device_pci_bus_id: "0000:01:00.0", driver: "NVIDIA", driver_info: "535.274.02", backend: Vulkan, subgroup_min_size: 32, subgroup_max_size: 32, transient_saves_memory: false }, format=TextureFormatFeatures { allowed_usages: TextureUsages(COPY_SRC | COPY_DST | TEXTURE_BINDING | RENDER_ATTACHMENT | TRANSIENT), flags: TextureFormatFeatureFlags(FILTERABLE | MULTISAMPLE_X2 | MULTISAMPLE_X4 | MULTISAMPLE_X8 | MULTISAMPLE_RESOLVE | BLENDABLE) }
ok
test visual::visual_capture::offscreen_session_tests::prefix_graph_tests::exact8_prefix_copy_matches_full_output_and_preserves_failure_recovery ... exact8x adapter=AdapterInfo { name: "Quadro M620", vendor: 4318, device: 5044, device_type: DiscreteGpu, device_pci_bus_id: "0000:01:00.0", driver: "NVIDIA", driver_info: "535.274.02", backend: Vulkan, subgroup_min_size: 32, subgroup_max_size: 32, transient_saves_memory: false }, format=TextureFormatFeatures { allowed_usages: TextureUsages(COPY_SRC | COPY_DST | TEXTURE_BINDING | RENDER_ATTACHMENT | TRANSIENT), flags: TextureFormatFeatureFlags(FILTERABLE | MULTISAMPLE_X2 | MULTISAMPLE_X4 | MULTISAMPLE_X8 | MULTISAMPLE_RESOLVE | BLENDABLE) }
ok
test visual::visual_capture::offscreen_session_tests::prefix_graph_tests::pair_generation_allowance_survives_replacement_and_device_recovery ... exact8x adapter=AdapterInfo { name: "Quadro M620", vendor: 4318, device: 5044, device_type: DiscreteGpu, device_pci_bus_id: "0000:01:00.0", driver: "NVIDIA", driver_info: "535.274.02", backend: Vulkan, subgroup_min_size: 32, subgroup_max_size: 32, transient_saves_memory: false }, format=TextureFormatFeatures { allowed_usages: TextureUsages(COPY_SRC | COPY_DST | TEXTURE_BINDING | RENDER_ATTACHMENT | TRANSIENT), flags: TextureFormatFeatureFlags(FILTERABLE | MULTISAMPLE_X2 | MULTISAMPLE_X4 | MULTISAMPLE_X8 | MULTISAMPLE_RESOLVE | BLENDABLE) }
ok
test visual::visual_capture::offscreen_session_tests::prefix_graph_tests::required_other_host_storage_evicts_optional_prefix_without_releasing_live_holds ... exact8x adapter=AdapterInfo { name: "Quadro M620", vendor: 4318, device: 5044, device_type: DiscreteGpu, device_pci_bus_id: "0000:01:00.0", driver: "NVIDIA", driver_info: "535.274.02", backend: Vulkan, subgroup_min_size: 32, subgroup_max_size: 32, transient_saves_memory: false }, format=TextureFormatFeatures { allowed_usages: TextureUsages(COPY_SRC | COPY_DST | TEXTURE_BINDING | RENDER_ATTACHMENT | TRANSIENT), flags: TextureFormatFeatureFlags(FILTERABLE | MULTISAMPLE_X2 | MULTISAMPLE_X4 | MULTISAMPLE_X8 | MULTISAMPLE_RESOLVE | BLENDABLE) }
ok
test visual::visual_capture::offscreen_session_tests::prefix_graph_tests::required_refusal_defers_once_then_propagates_without_recreating_prefix ... exact8x adapter=AdapterInfo { name: "Quadro M620", vendor: 4318, device: 5044, device_type: DiscreteGpu, device_pci_bus_id: "0000:01:00.0", driver: "NVIDIA", driver_info: "535.274.02", backend: Vulkan, subgroup_min_size: 32, subgroup_max_size: 32, transient_saves_memory: false }, format=TextureFormatFeatures { allowed_usages: TextureUsages(COPY_SRC | COPY_DST | TEXTURE_BINDING | RENDER_ATTACHMENT | TRANSIENT), flags: TextureFormatFeatureFlags(FILTERABLE | MULTISAMPLE_X2 | MULTISAMPLE_X4 | MULTISAMPLE_X8 | MULTISAMPLE_RESOLVE | BLENDABLE) }

thread 'visual::visual_capture::offscreen_session_tests::prefix_graph_tests::required_refusal_defers_once_then_propagates_without_recreating_prefix' (1341776) panicked at crates/gui-render/src/render/prefix_graph_tests.rs:430:25:
refusal must not submit
note: run with `RUST_BACKTRACE=1` environment variable to display a backtrace
FAILED

failures:

failures:
    visual::visual_capture::offscreen_session_tests::prefix_graph_tests::required_refusal_defers_once_then_propagates_without_recreating_prefix

test result: FAILED. 4 passed; 1 failed; 0 ignored; 0 measured; 513 filtered out; finished in 3.65s

error: test failed, to rerun pass `-p datum-gui-render --lib`
