Cargo resource preflight: target=/home/bfadmin/Documents/datum-eda/target size=26.2 GiB target_free=174.5 GiB tmp_free=6.4 GiB
warning: Cargo target exceeds soft limit: 26.2 GiB used; soft limit 20.0 GiB
   Compiling proc-macro2 v1.0.106
   Compiling quote v1.0.45
   Compiling unicode-ident v1.0.24
    Checking cfg-if v1.0.4
   Compiling libm v0.2.16
    Checking bitflags v2.11.0
   Compiling libc v0.2.183
   Compiling autocfg v1.5.0
    Checking log v0.4.29
    Checking once_cell v1.21.4
    Checking smallvec v1.15.1
    Checking libloading v0.8.9
   Compiling version_check v0.9.5
   Compiling pkg-config v0.3.32
    Checking arrayvec v0.7.6
   Compiling shlex v1.3.0
   Compiling num-traits v0.2.19
   Compiling zerocopy v0.8.47
   Compiling find-msvc-tools v0.1.9
   Compiling thiserror v2.0.18
   Compiling cfg_aliases v0.2.1
   Compiling cc v1.2.57
   Compiling rustix v1.1.4
    Checking linux-raw-sys v0.12.1
    Checking memchr v2.8.0
   Compiling syn v2.0.117
    Checking core_maths v0.1.1
   Compiling crossbeam-utils v0.8.21
   Compiling wayland-sys v0.31.11
    Checking dlib v0.5.3
    Checking ttf-parser v0.25.1
   Compiling rayon-core v1.13.0
    Checking scoped-tls v1.0.1
   Compiling anyhow v1.0.102
   Compiling getrandom v0.3.4
    Checking crossbeam-epoch v0.9.18
   Compiling typenum v1.19.0
    Checking downcast-rs v1.2.1
    Checking crossbeam-deque v0.8.6
   Compiling quick-xml v0.39.2
   Compiling ahash v0.8.12
   Compiling generic-array v0.14.7
   Compiling parking_lot_core v0.9.12
   Compiling serde_core v1.0.228
    Checking equivalent v1.0.2
   Compiling wayland-backend v0.3.15
    Checking simd-adler32 v0.3.9
    Checking foldhash v0.2.0
   Compiling wayland-client v0.31.14
    Checking allocator-api2 v0.2.21
    Checking hashbrown v0.16.1
    Checking num-integer v0.1.46
    Checking euclid v0.22.14
    Checking either v1.15.0
    Checking scopeguard v1.2.0
   Compiling ash v0.38.0+1.3.281
   Compiling wayland-scanner v0.31.10
    Checking lock_api v0.4.14
    Checking num-bigint v0.4.6
   Compiling naga v28.0.0
    Checking foldhash v0.1.5
    Checking unicode-width v0.1.14
   Compiling vcpkg v0.2.15
   Compiling crc32fast v1.5.0
    Checking adler2 v2.0.1
    Checking stable_deref_trait v1.2.1
    Checking rustc-hash v1.1.0
    Checking bit-vec v0.8.0
   Compiling zmij v1.0.21
   Compiling khronos-egl v6.0.0
    Checking bit-set v0.8.0
    Checking as-slice v0.2.1
    Checking num-rational v0.4.2
    Checking miniz_oxide v0.8.9
    Checking codespan-reporting v0.12.0
   Compiling libsqlite3-sys v0.30.1
    Checking hashbrown v0.15.5
    Checking parking_lot v0.12.5
    Checking indexmap v2.13.0
    Checking rayon v1.11.0
    Checking memmap2 v0.9.10
   Compiling wgpu-hal v28.0.1
   Compiling slotmap v1.1.1
    Checking spirv v0.3.0+sdk-1.3.268.0
    Checking gpu-descriptor-types v0.2.0
   Compiling av-scenechange v0.14.1
   Compiling thiserror v1.0.69
   Compiling paste v1.0.15
   Compiling rustix v0.38.44
    Checking presser v0.3.1
   Compiling getrandom v0.4.2
   Compiling serde_json v1.0.149
    Checking raw-window-handle v0.6.2
    Checking hexf-parse v0.2.1
   Compiling built v0.8.0
   Compiling serde v1.0.228
    Checking gpu-descriptor v0.3.2
    Checking aligned v0.4.3
   Compiling rav1e v0.8.1
   Compiling bytemuck_derive v1.10.2
   Compiling zerocopy-derive v0.8.47
   Compiling thiserror-impl v2.0.18
   Compiling profiling-procmacros v1.0.17
   Compiling equator-macro v0.4.2
    Checking profiling v1.0.17
   Compiling serde_derive v1.0.228
   Compiling arg_enum_proc_macro v0.3.4
    Checking equator v0.4.2
    Checking aligned-vec v0.6.4
    Checking v_frame v0.3.9
   Compiling thiserror-impl v1.0.69
    Checking bytemuck v1.25.0
    Checking block-buffer v0.10.4
    Checking crypto-common v0.1.7
    Checking lyon_geom v1.0.19
    Checking font-types v0.11.1
    Checking font-types v0.10.1
    Checking wgpu-types v28.0.0
    Checking ordered-float v4.6.0
    Checking nom v8.0.0
    Checking core2 v0.4.0
    Checking itoa v1.0.18
    Checking linux-raw-sys v0.4.15
    Checking quick-error v2.0.1
    Checking glow v0.16.0
    Checking renderdoc-sys v1.1.0
    Checking y4m v0.8.0
   Compiling pastey v0.1.1
    Checking bitstream-io v4.9.0
    Checking lyon_path v1.0.19
    Checking read-fonts v0.37.0
    Checking read-fonts v0.35.0
    Checking av1-grain v0.2.5
    Checking digest v0.10.7
    Checking wayland-protocols v0.32.12
    Checking maybe-rayon v0.1.1
   Compiling fax_derive v0.2.0
    Checking half v2.7.1
    Checking hashbrown v0.14.5
   Compiling num-derive v0.4.2
    Checking hashlink v0.9.1
    Checking flate2 v1.1.9
    Checking polling v3.11.0
    Checking itertools v0.14.0
   Compiling simd_helpers v0.1.0
   Compiling wgpu-core v28.0.1
    Checking new_debug_unreachable v1.0.6
    Checking fallible-iterator v0.3.0
    Checking fallible-streaming-iterator v0.1.9
    Checking sha1_smol v1.0.1
    Checking weezl v0.1.12
    Checking imgref v1.12.0
   Compiling noop_proc_macro v0.3.0
    Checking roxmltree v0.20.0
   Compiling litrs v1.0.0
    Checking float_next_after v1.0.0
    Checking zune-core v0.5.1
    Checking tinyvec_macros v0.1.1
    Checking cpufeatures v0.2.17
    Checking slab v0.4.12
    Checking fontconfig-parser v0.5.8
    Checking zune-jpeg v0.5.15
    Checking calloop v0.13.0
    Checking gpu-allocator v0.28.0
   Compiling document-features v0.2.12
    Checking sha2 v0.10.9
    Checking tinyvec v1.11.0
    Checking lyon_tessellation v1.0.20
    Checking skrifa v0.40.0
    Checking rusqlite v0.32.1
    Checking loop9 v0.1.5
    Checking uuid v1.22.0
    Checking fax v0.2.6
    Checking fdeflate v0.3.7
    Checking zune-inflate v0.2.54
    Checking quick-xml v0.38.4
   Compiling wgpu v28.0.0
    Checking avif-serialize v0.8.8
    Checking pxfm v0.1.28
    Checking smol_str v0.2.2
    Checking zeno v0.3.3
    Checking xkeysym v0.2.1
    Checking byteorder-lite v0.1.0
    Checking color_quant v1.1.0
    Checking arrayref v0.3.9
    Checking strict-num v0.1.1
    Checking lebe v0.5.3
    Checking utf8parse v0.2.2
    Checking cursor-icon v1.2.0
    Checking bit_field v0.10.3
    Checking xcursor v0.3.10
   Compiling smithay-client-toolkit v0.19.2
    Checking rgb v0.8.52
    Checking yazi v0.2.1
    Checking wayland-cursor v0.31.14
    Checking exr v1.74.0
    Checking wayland-csd-frame v0.3.0
    Checking anstyle-parse v1.0.0
    Checking image-webp v0.2.4
    Checking tiny-skia-path v0.11.4
    Checking gif v0.14.1
    Checking swash v0.2.7
    Checking eda-engine v0.1.0 (/home/bfadmin/Documents/datum-eda/crates/engine)
    Checking png v0.18.1
    Checking tiff v0.11.3
    Checking moxcms v0.8.1
    Checking fontdb v0.23.0
    Checking calloop-wayland-source v0.3.0
    Checking wayland-protocols-wlr v0.3.12
    Checking skrifa v0.37.0
    Checking harfrust v0.3.2
    Checking datum-verb-registry v0.1.0 (/home/bfadmin/Documents/datum-eda/crates/verb-registry)
    Checking qoi v0.4.1
    Checking ravif v0.13.0
    Checking gethostname v1.1.0
    Checking owned_ttf_parser v0.25.1
   Compiling x11-dl v2.21.0
    Checking rangemap v1.7.1
    Checking unicode-linebreak v0.1.5
    Checking anstyle v1.0.14
    Checking as-raw-xcb-connection v1.0.1
    Checking unicode-bidi v0.3.18
    Checking x11rb-protocol v0.13.2
    Checking is_terminal_polyfill v1.70.2
    Checking static_assertions v1.1.0
    Checking ab_glyph_rasterizer v0.1.10
    Checking anstyle-query v1.1.5
    Checking sys-locale v0.3.2
    Checking unicode-segmentation v1.13.2
    Checking self_cell v1.2.2
    Checking unicode-script v0.5.8
    Checking colorchoice v1.0.5
    Checking linebender_resource_handle v0.1.1
    Checking svg_fmt v0.4.5
    Checking anstream v1.0.0
    Checking ab_glyph v0.2.32
    Checking etagere v0.2.15
    Checking tiny-skia v0.11.4
   Compiling winit v0.30.13
    Checking wgpu-core-deps-windows-linux-android v28.0.0
    Checking percent-encoding v2.3.2
    Checking cosmic-text v0.15.0
    Checking image v0.25.10
   Compiling heck v0.5.0
    Checking grid v1.0.1
    Checking strsim v0.11.1
    Checking pin-project-lite v0.2.17
    Checking lru v0.16.3
    Checking rustc-hash v2.1.2
    Checking clap_lex v1.1.0
    Checking tracing-core v0.1.36
    Checking clap_builder v4.6.0
    Checking sctk-adwaita v0.10.1
    Checking taffy v0.11.0
    Checking tracing v0.1.44
   Compiling clap_derive v4.6.0
    Checking xkbcommon-dl v0.4.2
    Checking wayland-protocols-plasma v0.3.12
    Checking pollster v0.4.0
    Checking dpi v0.1.2
    Checking datum-terminal-core v0.1.0 (/home/bfadmin/Documents/datum-eda/crates/terminal-core)
    Checking clap v4.6.0
    Checking glyphon v0.10.0
    Checking x11rb v0.13.2
    Checking arboard v3.6.1
    Checking datum-gui-protocol v0.1.0 (/home/bfadmin/Documents/datum-eda/crates/gui-protocol)
    Checking datum-gui-viewport v0.1.0 (/home/bfadmin/Documents/datum-eda/crates/gui-viewport)
    Checking datum-gui-render v0.1.0 (/home/bfadmin/Documents/datum-eda/crates/gui-render)
    Checking datum-gui-app v0.1.0 (/home/bfadmin/Documents/datum-eda/crates/gui-app)
    Finished `dev` profile [unoptimized + debuginfo] target(s) in 1m 09s
