Cargo resource preflight: target=/home/bfadmin/Documents/datum-eda/target size=28.8 GiB target_free=171.8 GiB tmp_free=6.4 GiB
warning: Cargo target exceeds soft limit: 28.8 GiB used; soft limit 20.0 GiB
   Compiling bitflags v2.11.0
   Compiling once_cell v1.21.4
   Compiling smallvec v1.15.1
   Compiling syn v2.0.117
   Compiling num-traits v0.2.19
   Compiling arrayvec v0.7.6
   Compiling linux-raw-sys v0.12.1
   Compiling dlib v0.5.3
   Compiling crossbeam-utils v0.8.21
   Compiling wayland-sys v0.31.11
   Compiling ttf-parser v0.25.1
   Compiling scoped-tls v1.0.1
   Compiling downcast-rs v1.2.1
   Compiling quick-xml v0.39.2
   Compiling simd-adler32 v0.3.9
   Compiling crossbeam-epoch v0.9.18
   Compiling getrandom v0.3.4
   Compiling either v1.15.0
   Compiling crossbeam-deque v0.8.6
   Compiling num-integer v0.1.46
   Compiling euclid v0.22.14
   Compiling parking_lot_core v0.9.12
   Compiling rayon-core v1.13.0
   Compiling num-bigint v0.4.6
   Compiling stable_deref_trait v1.2.1
   Compiling wayland-scanner v0.31.10
   Compiling adler2 v2.0.1
   Compiling miniz_oxide v0.8.9
   Compiling rustix v1.1.4
   Compiling rayon v1.11.0
   Compiling as-slice v0.2.1
   Compiling parking_lot v0.12.5
   Compiling gpu-descriptor-types v0.2.0
   Compiling num-rational v0.4.2
   Compiling spirv v0.3.0+sdk-1.3.268.0
   Compiling gpu-descriptor v0.3.2
   Compiling aligned v0.4.3
   Compiling lyon_geom v1.0.19
   Compiling crc32fast v1.5.0
   Compiling ordered-float v4.6.0
   Compiling nom v8.0.0
   Compiling core2 v0.4.0
   Compiling y4m v0.8.0
   Compiling linux-raw-sys v0.4.15
   Compiling quick-error v2.0.1
   Compiling bitstream-io v4.9.0
   Compiling lyon_path v1.0.19
   Compiling rustix v0.38.44
   Compiling maybe-rayon v0.1.1
   Compiling flate2 v1.1.9
   Compiling itertools v0.14.0
   Compiling simd_helpers v0.1.0
   Compiling imgref v1.12.0
   Compiling slab v0.4.12
   Compiling new_debug_unreachable v1.0.6
   Compiling zune-core v0.5.1
   Compiling weezl v0.1.12
   Compiling loop9 v0.1.5
   Compiling zune-jpeg v0.5.15
   Compiling lyon_tessellation v1.0.20
   Compiling bytemuck_derive v1.10.2
   Compiling zerocopy-derive v0.8.47
   Compiling thiserror-impl v2.0.18
   Compiling profiling-procmacros v1.0.17
   Compiling equator-macro v0.4.2
   Compiling profiling v1.0.17
   Compiling wayland-backend v0.3.15
   Compiling bytemuck v1.25.0
   Compiling arg_enum_proc_macro v0.3.4
   Compiling equator v0.4.2
   Compiling font-types v0.11.1
   Compiling font-types v0.10.1
   Compiling zerocopy v0.8.47
   Compiling aligned-vec v0.6.4
   Compiling wgpu-types v28.0.0
   Compiling v_frame v0.3.9
   Compiling thiserror-impl v1.0.69
   Compiling serde_derive v1.0.228
   Compiling thiserror v2.0.18
   Compiling gpu-allocator v0.28.0
   Compiling av-scenechange v0.14.1
   Compiling wayland-client v0.31.14
   Compiling av1-grain v0.2.5
   Compiling read-fonts v0.35.0
   Compiling thiserror v1.0.69
   Compiling read-fonts v0.37.0
   Compiling fax_derive v0.2.0
   Compiling num-derive v0.4.2
   Compiling polling v3.11.0
   Compiling fax v0.2.6
   Compiling wayland-protocols v0.32.12
   Compiling calloop v0.13.0
   Compiling rav1e v0.8.1
   Compiling zune-inflate v0.2.54
   Compiling fdeflate v0.3.7
   Compiling serde v1.0.228
   Compiling avif-serialize v0.8.8
   Compiling half v2.7.1
   Compiling ahash v0.8.12
   Compiling hashbrown v0.14.5
   Compiling rgb v0.8.52
   Compiling arrayref v0.3.9
   Compiling naga v28.0.0
   Compiling utf8parse v0.2.2
   Compiling lebe v0.5.3
   Compiling strict-num v0.1.1
   Compiling xcursor v0.3.10
   Compiling cursor-icon v1.2.0
   Compiling hashlink v0.9.1
   Compiling color_quant v1.1.0
   Compiling bit_field v0.10.3
   Compiling rusqlite v0.32.1
   Compiling byteorder-lite v0.1.0
   Compiling pxfm v0.1.28
   Compiling xkeysym v0.2.1
   Compiling smol_str v0.2.2
   Compiling eda-engine v0.1.0 (/home/bfadmin/Documents/datum-eda/crates/engine)
   Compiling image-webp v0.2.4
   Compiling skrifa v0.40.0
   Compiling wayland-protocols-wlr v0.3.12
   Compiling moxcms v0.8.1
   Compiling ravif v0.13.0
   Compiling swash v0.2.7
   Compiling harfrust v0.3.2
   Compiling skrifa v0.37.0
   Compiling wgpu-hal v28.0.1
   Compiling exr v1.74.0
   Compiling wgpu-core-deps-windows-linux-android v28.0.0
   Compiling wgpu-core v28.0.1
   Compiling gif v0.14.1
   Compiling wayland-cursor v0.31.14
   Compiling wayland-csd-frame v0.3.0
   Compiling tiny-skia-path v0.11.4
   Compiling anstyle-parse v1.0.0
   Compiling tiff v0.11.3
   Compiling datum-verb-registry v0.1.0 (/home/bfadmin/Documents/datum-eda/crates/verb-registry)
   Compiling png v0.18.1
   Compiling fontdb v0.23.0
   Compiling calloop-wayland-source v0.3.0
   Compiling qoi v0.4.1
   Compiling gethostname v1.1.0
   Compiling owned_ttf_parser v0.25.1
   Compiling anstyle v1.0.14
   Compiling as-raw-xcb-connection v1.0.1
   Compiling colorchoice v1.0.5
   Compiling x11rb-protocol v0.13.2
   Compiling is_terminal_polyfill v1.70.2
   Compiling ab_glyph_rasterizer v0.1.10
   Compiling anstyle-query v1.1.5
   Compiling anstream v1.0.0
   Compiling ab_glyph v0.2.32
   Compiling cosmic-text v0.15.0
   Compiling etagere v0.2.15
   Compiling image v0.25.10
   Compiling smithay-client-toolkit v0.19.2
   Compiling tiny-skia v0.11.4
   Compiling wgpu v28.0.0
   Compiling tracing-core v0.1.36
   Compiling pin-project-lite v0.2.17
   Compiling percent-encoding v2.3.2
   Compiling clap_lex v1.1.0
   Compiling strsim v0.11.1
   Compiling clap_derive v4.6.0
   Compiling clap_builder v4.6.0
   Compiling tracing v0.1.44
   Compiling glyphon v0.10.0
   Compiling taffy v0.11.0
   Compiling sctk-adwaita v0.10.1
   Compiling x11-dl v2.21.0
   Compiling wayland-protocols-plasma v0.3.12
   Compiling xkbcommon-dl v0.4.2
   Compiling dpi v0.1.2
   Compiling pollster v0.4.0
   Compiling clap v4.6.0
   Compiling x11rb v0.13.2
   Compiling arboard v3.6.1
   Compiling winit v0.30.13
   Compiling datum-gui-protocol v0.1.0 (/home/bfadmin/Documents/datum-eda/crates/gui-protocol)
   Compiling datum-gui-viewport v0.1.0 (/home/bfadmin/Documents/datum-eda/crates/gui-viewport)
   Compiling datum-gui-render v0.1.0 (/home/bfadmin/Documents/datum-eda/crates/gui-render)
   Compiling datum-gui-app v0.1.0 (/home/bfadmin/Documents/datum-eda/crates/gui-app)
    Finished `test` profile [unoptimized + debuginfo] target(s) in 2m 06s
     Running unittests src/main.rs (target/debug/deps/datum_gui-19c6acb98962ab73)

running 1 test
test global_preferences_window::native_dialog_hit_tests::native_preferences_hits_reject_old_scale_and_extent_until_presented ... libEGL warning: wayland-egl: could not open /dev/dri/renderD128 (No such file or directory)
libEGL warning: wayland-egl: could not open /dev/dri/renderD128 (No such file or directory)
error: test failed, to rerun pass `-p datum-gui-app --bin datum-gui`

Caused by:
  process didn't exit successfully: `/home/bfadmin/Documents/datum-eda/target/debug/deps/datum_gui-19c6acb98962ab73 'global_preferences_window::native_dialog_hit_tests::native_preferences_hits_reject_old_scale_and_extent_until_presented' --ignored --exact --test-threads=1` (signal: 15, SIGTERM: termination signal)
