Cargo resource preflight: target=/home/bfadmin/Documents/datum-eda/target size=23.3 GiB target_free=178.8 GiB tmp_free=6.6 GiB
warning: Cargo target exceeds soft limit: 23.3 GiB used; soft limit 20.0 GiB
   Compiling proc-macro2 v1.0.106
   Compiling unicode-ident v1.0.24
   Compiling quote v1.0.45
   Compiling cfg-if v1.0.4
   Compiling bitflags v2.11.0
   Compiling libm v0.2.16
   Compiling libc v0.2.183
   Compiling once_cell v1.21.4
   Compiling log v0.4.29
   Compiling smallvec v1.15.1
   Compiling libloading v0.8.9
   Compiling pkg-config v0.3.32
   Compiling version_check v0.9.5
   Compiling autocfg v1.5.0
   Compiling shlex v1.3.0
   Compiling find-msvc-tools v0.1.9
   Compiling rustix v1.1.4
   Compiling cc v1.2.57
   Compiling cfg_aliases v0.2.1
   Compiling zerocopy v0.8.47
   Compiling num-traits v0.2.19
   Compiling linux-raw-sys v0.12.1
   Compiling arrayvec v0.7.6
   Compiling wayland-sys v0.31.11
   Compiling syn v2.0.117
   Compiling dlib v0.5.3
   Compiling thiserror v2.0.18
   Compiling getrandom v0.3.4
   Compiling core_maths v0.1.1
   Compiling scoped-tls v1.0.1
   Compiling ttf-parser v0.25.1
   Compiling downcast-rs v1.2.1
   Compiling memchr v2.8.0
   Compiling typenum v1.19.0
   Compiling quick-xml v0.39.2
   Compiling wayland-backend v0.3.15
   Compiling ahash v0.8.12
   Compiling generic-array v0.14.7
   Compiling allocator-api2 v0.2.21
   Compiling equivalent v1.0.2
   Compiling parking_lot_core v0.9.12
   Compiling serde_core v1.0.228
   Compiling foldhash v0.2.0
   Compiling wayland-client v0.31.14
   Compiling hashbrown v0.16.1
   Compiling euclid v0.22.14
   Compiling wayland-scanner v0.31.10
   Compiling ash v0.38.0+1.3.281
   Compiling scopeguard v1.2.0
   Compiling lock_api v0.4.14
   Compiling naga v28.0.0
   Compiling unicode-width v0.1.14
   Compiling khronos-egl v6.0.0
   Compiling zmij v1.0.21
   Compiling bit-vec v0.8.0
   Compiling rustc-hash v1.1.0
   Compiling vcpkg v0.2.15
   Compiling foldhash v0.1.5
   Compiling bit-set v0.8.0
   Compiling hashbrown v0.15.5
   Compiling codespan-reporting v0.12.0
   Compiling parking_lot v0.12.5
   Compiling libsqlite3-sys v0.30.1
   Compiling indexmap v2.13.0
   Compiling bytemuck_derive v1.10.2
   Compiling zerocopy-derive v0.8.47
   Compiling thiserror-impl v2.0.18
   Compiling memmap2 v0.9.10
   Compiling wgpu-hal v28.0.1
   Compiling slotmap v1.1.1
   Compiling bytemuck v1.25.0
   Compiling spirv v0.3.0+sdk-1.3.268.0
   Compiling gpu-descriptor-types v0.2.0
   Compiling raw-window-handle v0.6.2
   Compiling hexf-parse v0.2.1
   Compiling getrandom v0.4.2
   Compiling serde v1.0.228
   Compiling presser v0.3.1
   Compiling serde_json v1.0.149
   Compiling thiserror v1.0.69
   Compiling rustix v0.38.44
   Compiling gpu-descriptor v0.3.2
   Compiling font-types v0.11.1
   Compiling wgpu-types v28.0.0
   Compiling font-types v0.10.1
   Compiling thiserror-impl v1.0.69
   Compiling serde_derive v1.0.228
   Compiling block-buffer v0.10.4
   Compiling crypto-common v0.1.7
   Compiling lyon_geom v1.0.19
   Compiling ordered-float v4.6.0
   Compiling itoa v1.0.18
   Compiling renderdoc-sys v1.1.0
   Compiling profiling v1.0.17
   Compiling glow v0.16.0
   Compiling linux-raw-sys v0.4.15
   Compiling half v2.7.1
   Compiling hashbrown v0.14.5
   Compiling crc32fast v1.5.0
   Compiling simd-adler32 v0.3.9
   Compiling hashlink v0.9.1
   Compiling lyon_path v1.0.19
   Compiling digest v0.10.7
   Compiling read-fonts v0.35.0
   Compiling read-fonts v0.37.0
   Compiling wayland-protocols v0.32.12
   Compiling polling v3.11.0
   Compiling wgpu-core v28.0.1
   Compiling gpu-allocator v0.28.0
   Compiling anyhow v1.0.102
   Compiling roxmltree v0.20.0
   Compiling litrs v1.0.0
   Compiling sha1_smol v1.0.1
   Compiling fallible-iterator v0.3.0
   Compiling fallible-streaming-iterator v0.1.9
   Compiling slab v0.4.12
   Compiling float_next_after v1.0.0
   Compiling adler2 v2.0.1
   Compiling tinyvec_macros v0.1.1
   Compiling cpufeatures v0.2.17
   Compiling sha2 v0.10.9
   Compiling miniz_oxide v0.8.9
   Compiling skrifa v0.40.0
   Compiling tinyvec v1.11.0
   Compiling lyon_tessellation v1.0.20
   Compiling calloop v0.13.0
   Compiling document-features v0.2.12
   Compiling uuid v1.22.0
   Compiling fontconfig-parser v0.5.8
   Compiling wgpu-core-deps-windows-linux-android v28.0.0
   Compiling quick-xml v0.38.4
   Compiling wgpu v28.0.0
   Compiling utf8parse v0.2.2
   Compiling xkeysym v0.2.1
   Compiling xcursor v0.3.10
   Compiling smol_str v0.2.2
   Compiling yazi v0.2.1
   Compiling cursor-icon v1.2.0
   Compiling arrayref v0.3.9
   Compiling strict-num v0.1.1
   Compiling smithay-client-toolkit v0.19.2
   Compiling zeno v0.3.3
   Compiling tiny-skia-path v0.11.4
   Compiling swash v0.2.7
   Compiling wayland-csd-frame v0.3.0
   Compiling wayland-cursor v0.31.14
   Compiling anstyle-parse v1.0.0
   Compiling flate2 v1.1.9
   Compiling fontdb v0.23.0
   Compiling calloop-wayland-source v0.3.0
   Compiling wayland-protocols-wlr v0.3.12
   Compiling skrifa v0.37.0
   Compiling harfrust v0.3.2
   Compiling datum-verb-registry v0.1.0 (/home/bfadmin/Documents/datum-eda/crates/verb-registry)
   Compiling fdeflate v0.3.7
   Compiling gethostname v1.1.0
   Compiling owned_ttf_parser v0.25.1
   Compiling x11-dl v2.21.0
   Compiling ab_glyph_rasterizer v0.1.10
   Compiling anstyle v1.0.14
   Compiling pxfm v0.1.28
   Compiling sys-locale v0.3.2
   Compiling anstyle-query v1.1.5
   Compiling as-raw-xcb-connection v1.0.1
   Compiling colorchoice v1.0.5
   Compiling unicode-bidi v0.3.18
   Compiling unicode-linebreak v0.1.5
   Compiling self_cell v1.2.2
   Compiling unicode-segmentation v1.13.2
   Compiling svg_fmt v0.4.5
   Compiling is_terminal_polyfill v1.70.2
   Compiling unicode-script v0.5.8
   Compiling linebender_resource_handle v0.1.1
   Compiling static_assertions v1.1.0
   Compiling rangemap v1.7.1
   Compiling x11rb-protocol v0.13.2
   Compiling cosmic-text v0.15.0
   Compiling anstream v1.0.0
   Compiling etagere v0.2.15
   Compiling moxcms v0.8.1
   Compiling x11rb v0.13.2
   Compiling ab_glyph v0.2.32
   Compiling png v0.18.1
   Compiling tiny-skia v0.11.4
   Compiling winit v0.30.13
   Compiling pin-project-lite v0.2.17
   Compiling heck v0.5.0
   Compiling rustc-hash v2.1.2
   Compiling strsim v0.11.1
   Compiling tracing-core v0.1.36
   Compiling clap_lex v1.1.0
   Compiling grid v1.0.1
   Compiling percent-encoding v2.3.2
   Compiling lru v0.16.3
   Compiling byteorder-lite v0.1.0
   Compiling glyphon v0.10.0
   Compiling image v0.25.10
   Compiling taffy v0.11.0
   Compiling clap_builder v4.6.0
   Compiling tracing v0.1.44
   Compiling clap_derive v4.6.0
   Compiling sctk-adwaita v0.10.1
   Compiling xkbcommon-dl v0.4.2
   Compiling wayland-protocols-plasma v0.3.12
   Compiling dpi v0.1.2
   Compiling datum-terminal-core v0.1.0 (/home/bfadmin/Documents/datum-eda/crates/terminal-core)
   Compiling rusqlite v0.32.1
   Compiling eda-engine v0.1.0 (/home/bfadmin/Documents/datum-eda/crates/engine)
   Compiling clap v4.6.0
   Compiling arboard v3.6.1
   Compiling pollster v0.4.0
   Compiling datum-gui-protocol v0.1.0 (/home/bfadmin/Documents/datum-eda/crates/gui-protocol)
   Compiling datum-gui-viewport v0.1.0 (/home/bfadmin/Documents/datum-eda/crates/gui-viewport)
   Compiling datum-gui-render v0.1.0 (/home/bfadmin/Documents/datum-eda/crates/gui-render)
   Compiling datum-gui-app v0.1.0 (/home/bfadmin/Documents/datum-eda/crates/gui-app)
    Finished `release` profile [optimized] target(s) in 5m 51s
