[SystemTime { tv_sec: 1790644183, tv_nsec: 204033253 }] request resolve begin
[SystemTime { tv_sec: 1790644183, tv_nsec: 646082659 }] request resolve end project_root=/tmp/datum-eda/gui-imports/board-16ad8e1aac1fccba board_file=None
[SystemTime { tv_sec: 1790644183, tv_nsec: 646115205 }] workspace load begin
[SystemTime { tv_sec: 1790644187, tv_nsec: 827421683 }] workspace load end
[SystemTime { tv_sec: 1790644187, tv_nsec: 827466515 }] camera fit begin
[SystemTime { tv_sec: 1790644187, tv_nsec: 827488964 }] camera fit end
[SystemTime { tv_sec: 1790644187, tv_nsec: 827803776 }] terminal spawn begin
[SystemTime { tv_sec: 1790644187, tv_nsec: 855555551 }] terminal spawn end
[SystemTime { tv_sec: 1790644187, tv_nsec: 870919894 }] wgpu instance create begin
[SystemTime { tv_sec: 1790644188, tv_nsec: 351659345 }] wgpu request adapter begin
[SystemTime { tv_sec: 1790644188, tv_nsec: 383474183 }] surface identity window=WindowId(31457284) window_backend=x11 gpu_backend=Vulkan adapter="Intel(R) HD Graphics P630 (KBL GT2)" device_type=IntegratedGpu driver="Intel open-source Mesa driver" driver_info="Mesa 25.0.7-2+deb13u1"
[SystemTime { tv_sec: 1790644188, tv_nsec: 383504550 }] wgpu request device begin
[SystemTime { tv_sec: 1790644188, tv_nsec: 431604244 }] wgpu request device end
[SystemTime { tv_sec: 1790644188, tv_nsec: 432275763 }] initial surface configuration requested 960x720 format=Bgra8UnormSrgb present=Fifo msaa=8
[SystemTime { tv_sec: 1790644188, tv_nsec: 432305763 }] renderer init begin
[SystemTime { tv_sec: 1790644190, tv_nsec: 414343772 }] renderer init end
[SystemTime { tv_sec: 1790644190, tv_nsec: 469911638 }] surface configure begin
[SystemTime { tv_sec: 1790644190, tv_nsec: 473396474 }] surface configure end
[SystemTime { tv_sec: 1790644190, tv_nsec: 473423400 }] native queue configured host=1 configurations=1 submitted=0 completed=0
[SystemTime { tv_sec: 1790644191, tv_nsec: 214817620 }] surface identity window=WindowId(31457302) window_backend=x11 gpu_backend=Vulkan adapter="Intel(R) HD Graphics P630 (KBL GT2)" device_type=IntegratedGpu driver="Intel open-source Mesa driver" driver_info="Mesa 25.0.7-2+deb13u1"
[SystemTime { tv_sec: 1790644191, tv_nsec: 233109879 }] surface configure begin
[SystemTime { tv_sec: 1790644191, tv_nsec: 262383469 }] surface configure end
[SystemTime { tv_sec: 1790644191, tv_nsec: 262412367 }] native queue configured host=2 configurations=2 submitted=2 completed=2
[SystemTime { tv_sec: 1790644193, tv_nsec: 19473709 }] surface identity window=WindowId(31457320) window_backend=x11 gpu_backend=Vulkan adapter="Intel(R) HD Graphics P630 (KBL GT2)" device_type=IntegratedGpu driver="Intel open-source Mesa driver" driver_info="Mesa 25.0.7-2+deb13u1"
[SystemTime { tv_sec: 1790644193, tv_nsec: 39413255 }] surface configure begin
[SystemTime { tv_sec: 1790644193, tv_nsec: 41168129 }] surface configure end
[SystemTime { tv_sec: 1790644193, tv_nsec: 41194506 }] native queue configured host=3 configurations=3 submitted=4 completed=4
[SystemTime { tv_sec: 1790644193, tv_nsec: 168645606 }] surface identity window=WindowId(31457338) window_backend=x11 gpu_backend=Vulkan adapter="Intel(R) HD Graphics P630 (KBL GT2)" device_type=IntegratedGpu driver="Intel open-source Mesa driver" driver_info="Mesa 25.0.7-2+deb13u1"
[SystemTime { tv_sec: 1790644193, tv_nsec: 185432553 }] surface configure begin
[SystemTime { tv_sec: 1790644193, tv_nsec: 189169208 }] surface configure end
[SystemTime { tv_sec: 1790644193, tv_nsec: 189205257 }] native queue configured host=4 configurations=4 submitted=6 completed=6
