Cargo resource preflight: target=/home/bfadmin/Documents/datum-eda/target size=31.5 GiB target_free=169.0 GiB tmp_free=6.4 GiB
warning: Cargo target exceeds soft limit: 31.5 GiB used; soft limit 20.0 GiB
   Compiling datum-gui-render v0.1.0 (/home/bfadmin/Documents/datum-eda/crates/gui-render)
warning: function `emit_immediate_grid` is never used
  --> crates/gui-render/src/render/grid.rs:86:4
   |
86 | fn emit_immediate_grid(
   |    ^^^^^^^^^^^^^^^^^^^
   |
   = note: `#[warn(dead_code)]` (part of `#[warn(unused)]`) on by default

warning: function `push_scene_grid_with_lod` is never used
   --> crates/gui-render/src/render/grid.rs:136:15
    |
136 | pub(crate) fn push_scene_grid_with_lod(
    |               ^^^^^^^^^^^^^^^^^^^^^^^^

warning: function `push_schematic_grid_with_lod` is never used
   --> crates/gui-render/src/render/grid.rs:144:15
    |
144 | pub(crate) fn push_schematic_grid_with_lod(
    |               ^^^^^^^^^^^^^^^^^^^^^^^^^^^^

warning: `datum-gui-render` (lib) generated 3 warnings
   Compiling datum-gui-app v0.1.0 (/home/bfadmin/Documents/datum-eda/crates/gui-app)
    Finished `test` profile [unoptimized + debuginfo] target(s) in 25.15s
     Running unittests src/main.rs (target/debug/deps/datum_gui-19c6acb98962ab73)

running 1 test
test global_preferences_window::native_dialog_hit_tests::native_shared_device_hosts_preserve_hidden_terminal_and_console_work ... ok

test result: ok. 1 passed; 0 failed; 0 ignored; 0 measured; 398 filtered out; finished in 9.70s

