Cargo resource preflight: target=/home/bfadmin/Documents/datum-eda/target size=27.0 GiB target_free=173.0 GiB tmp_free=6.4 GiB
warning: Cargo target exceeds soft limit: 27.0 GiB used; soft limit 20.0 GiB
   Compiling unicode-ident v1.0.24
   Compiling cfg-if v1.0.4
   Compiling num-traits v0.2.19
   Compiling bitflags v2.11.0
   Compiling libm v0.2.16
   Compiling libc v0.2.183
   Compiling once_cell v1.21.4
   Compiling arrayvec v0.7.6
   Compiling smallvec v1.15.1
   Compiling proc-macro2 v1.0.106
   Compiling log v0.4.29
   Compiling foldhash v0.2.0
   Compiling equivalent v1.0.2
   Compiling allocator-api2 v0.2.21
   Compiling typenum v1.19.0
   Compiling libloading v0.8.9
   Compiling ahash v0.8.12
   Compiling serde_core v1.0.228
   Compiling scopeguard v1.2.0
   Compiling unicode-width v0.1.14
   Compiling rustc-hash v1.1.0
   Compiling quote v1.0.45
   Compiling hashbrown v0.16.1
   Compiling foldhash v0.1.5
   Compiling syn v2.0.117
   Compiling bit-vec v0.8.0
   Compiling generic-array v0.14.7
   Compiling hashbrown v0.15.5
   Compiling parking_lot_core v0.9.12
   Compiling core_maths v0.1.1
   Compiling indexmap v2.13.0
   Compiling ttf-parser v0.25.1
   Compiling bit-set v0.8.0
   Compiling codespan-reporting v0.12.0
   Compiling lock_api v0.4.14
   Compiling ash v0.38.0+1.3.281
   Compiling euclid v0.22.14
   Compiling spirv v0.3.0+sdk-1.3.268.0
   Compiling gpu-descriptor-types v0.2.0
   Compiling presser v0.3.1
   Compiling memchr v2.8.0
   Compiling hexf-parse v0.2.1
   Compiling gpu-descriptor v0.3.2
   Compiling ordered-float v4.6.0
   Compiling lyon_geom v1.0.19
   Compiling parking_lot v0.12.5
   Compiling zmij v1.0.21
   Compiling khronos-egl v6.0.0
   Compiling block-buffer v0.10.4
   Compiling crypto-common v0.1.7
   Compiling raw-window-handle v0.6.2
   Compiling itoa v1.0.18
   Compiling glow v0.16.0
   Compiling profiling v1.0.17
   Compiling renderdoc-sys v1.1.0
   Compiling serde_json v1.0.149
   Compiling digest v0.10.7
   Compiling libsqlite3-sys v0.30.1
   Compiling lyon_path v1.0.19
   Compiling slotmap v1.1.1
   Compiling getrandom v0.4.2
   Compiling float_next_after v1.0.0
   Compiling sha1_smol v1.0.1
   Compiling fallible-streaming-iterator v0.1.9
   Compiling roxmltree v0.20.0
   Compiling fallible-iterator v0.3.0
   Compiling tinyvec_macros v0.1.1
   Compiling cpufeatures v0.2.17
   Compiling sha2 v0.10.9
   Compiling tinyvec v1.11.0
   Compiling uuid v1.22.0
   Compiling fontconfig-parser v0.5.8
   Compiling lyon_tessellation v1.0.20
   Compiling quick-xml v0.38.4
   Compiling memmap2 v0.9.10
   Compiling zeno v0.3.3
   Compiling yazi v0.2.1
   Compiling bytemuck_derive v1.10.2
   Compiling zerocopy-derive v0.8.47
   Compiling thiserror-impl v2.0.18
   Compiling serde_derive v1.0.228
   Compiling fontdb v0.23.0
   Compiling anyhow v1.0.102
   Compiling self_cell v1.2.2
   Compiling unicode-bidi v0.3.18
   Compiling static_assertions v1.1.0
   Compiling svg_fmt v0.4.5
   Compiling unicode-segmentation v1.13.2
   Compiling bytemuck v1.25.0
   Compiling font-types v0.10.1
   Compiling font-types v0.11.1
   Compiling wgpu-types v28.0.0
   Compiling sys-locale v0.3.2
   Compiling thiserror v2.0.18
   Compiling read-fonts v0.37.0
   Compiling read-fonts v0.35.0
   Compiling unicode-linebreak v0.1.5
   Compiling rangemap v1.7.1
   Compiling zerocopy v0.8.47
   Compiling unicode-script v0.5.8
   Compiling smol_str v0.2.2
   Compiling linebender_resource_handle v0.1.1
   Compiling etagere v0.2.15
   Compiling grid v1.0.1
   Compiling rustc-hash v2.1.2
   Compiling lru v0.16.3
   Compiling taffy v0.11.0
   Compiling datum-terminal-core v0.1.0 (/home/bfadmin/Documents/datum-eda/crates/terminal-core)
   Compiling serde v1.0.228
   Compiling datum-verb-registry v0.1.0 (/home/bfadmin/Documents/datum-eda/crates/verb-registry)
   Compiling half v2.7.1
   Compiling hashbrown v0.14.5
   Compiling naga v28.0.0
   Compiling hashlink v0.9.1
   Compiling rusqlite v0.32.1
   Compiling harfrust v0.3.2
   Compiling skrifa v0.37.0
   Compiling gpu-allocator v0.28.0
   Compiling skrifa v0.40.0
   Compiling eda-engine v0.1.0 (/home/bfadmin/Documents/datum-eda/crates/engine)
   Compiling swash v0.2.7
   Compiling cosmic-text v0.15.0
   Compiling wgpu-hal v28.0.1
   Compiling wgpu-core-deps-windows-linux-android v28.0.0
   Compiling wgpu-core v28.0.1
   Compiling wgpu v28.0.0
   Compiling glyphon v0.10.0
   Compiling datum-gui-protocol v0.1.0 (/home/bfadmin/Documents/datum-eda/crates/gui-protocol)
   Compiling datum-gui-viewport v0.1.0 (/home/bfadmin/Documents/datum-eda/crates/gui-viewport)
   Compiling datum-gui-render v0.1.0 (/home/bfadmin/Documents/datum-eda/crates/gui-render)
    Finished `test` profile [unoptimized + debuginfo] target(s) in 1m 36s
     Running unittests src/lib.rs (target/debug/deps/datum_gui_render-a9a942f6552ff861)

running 26 tests
test renderer_state::render_session::frame_revision::tests::dropped_and_superseded_attempts_never_acknowledge ... ok
test renderer_state::render_session::frame_revision::tests::actual_present_target_must_match_every_identity_component ... ok
test renderer_state::render_session::frame_revision::tests::mixed_damage_cannot_be_downgraded_by_pointer_order ... ok
test renderer_state::render_session::frame_revision::tests::receipt_mailbox_has_no_per_attempt_allocation_and_stale_drop_is_isolated ... ok
test renderer_state::render_session::frame_revision::tests::failed_capture_foreign_and_retired_receipts_preserve_damage ... ok
test renderer_state::render_session::frame_revision::tests::warm_failure_and_abandoned_exposure_require_full_recovery ... ok
test renderer_state::render_session::history::lifecycle::tests::construction_failure_is_sticky_for_input_and_explicitly_retryable ... ok
test renderer_state::render_session::history::lifecycle::tests::construction_failure_retires_matching_history_and_retries_once ... ok
test renderer_state::render_session::history::resize_tests::dependent_scene_retires_active_and_history_charges_for_reconstruction ... ok
test renderer_state::render_session::history::resize_tests::history_entry_limit_is_shared_across_owners_without_limiting_active_references ... ok
test renderer_state::render_session::history::heap_tests::history_keys_scene_metadata_and_entry_capacity_match_allocator ... FAILED
test renderer_state::render_session::history::resize_tests::document_pressure_bypasses_candidate_without_forgiving_external_owner ... ok
test renderer_state::render_session::history::resize_tests::history_storage_retains_allocating_document_identity_until_release ... ok
test renderer_state::render_session::history::resize_tests::retirement_storage_refusal_keeps_pinned_payload_accounted_and_allows_retry ... ok
test renderer_state::render_session::history::resize_tests::document_history_container_charges_spare_capacity_and_growth_overlap ... ok
test renderer_state::render_session::history::resize_tests::shared_document_history_metadata_is_charged_per_owner_and_released_on_take ... ok
test renderer_state::render_session::history::tests::active_payload_prunes_history_and_oversized_scene_bypasses_retention ... ok
test renderer_state::render_session::history::resize_tests::resize_keeps_complete_active_charge_while_retiring_obsolete_history ... ok
test renderer_state::render_session::terminal_damage::tests::an_older_presentation_cannot_retire_newer_terminal_damage ... ok
test renderer_state::render_session::history::resize_tests::retirement_observer_storage_is_charged_through_growth_reuse_and_drop ... ok
test renderer_state::render_session::history::tests::active_and_history_charge_shared_geometry_once ... ok
test renderer_state::render_session::history::tests::history_growth_admits_old_and_new_metadata_before_allocating ... FAILED
test renderer_state::render_session::history::resize_tests::companion_schematic_uses_active_and_retiring_cpu_ownership ... ok
test renderer_state::render_session::history::tests::history_preserves_six_entries_and_retires_oldest_under_byte_pressure ... ok
test renderer_state::render_session::history::resize_tests::document_pressure_retires_only_matching_history_and_keeps_external_pins_charged ... ok
test renderer_state::render_session::history::tests::externally_pinned_geometry_remains_charged_after_history_clear ... ok

failures:

---- renderer_state::render_session::history::heap_tests::history_keys_scene_metadata_and_entry_capacity_match_allocator stdout ----

thread 'renderer_state::render_session::history::heap_tests::history_keys_scene_metadata_and_entry_capacity_match_allocator' (1556) panicked at crates/gui-render/src/render/retained_history_heap_tests.rs:17:5:
assertion `left == right` failed
  left: 5
 right: 6
note: run with `RUST_BACKTRACE=1` environment variable to display a backtrace

---- renderer_state::render_session::history::tests::history_growth_admits_old_and_new_metadata_before_allocating stdout ----

thread 'renderer_state::render_session::history::tests::history_growth_admits_old_and_new_metadata_before_allocating' (1573) panicked at crates/gui-render/src/render/retained_scene_history.rs:541:13:
assertion `left == right` failed
  left: 1
 right: 2


failures:
    renderer_state::render_session::history::heap_tests::history_keys_scene_metadata_and_entry_capacity_match_allocator
    renderer_state::render_session::history::tests::history_growth_admits_old_and_new_metadata_before_allocating

test result: FAILED. 24 passed; 2 failed; 0 ignored; 0 measured; 356 filtered out; finished in 0.02s

error: test failed, to rerun pass `-p datum-gui-render --lib`
