
running 1 test
test visual::visual_capture::offscreen_session_tests::prefix_qualification_tests::r3_p630_exact_output_batch ... exact8x adapter=AdapterInfo { name: "Intel(R) HD Graphics P630 (KBL GT2)", vendor: 32902, device: 22813, device_type: IntegratedGpu, device_pci_bus_id: "0000:00:02.0", driver: "Intel open-source Mesa driver", driver_info: "Mesa 25.0.7-2+deb13u1", backend: Vulkan, subgroup_min_size: 8, subgroup_max_size: 32, transient_saves_memory: false }, format=TextureFormatFeatures { allowed_usages: TextureUsages(COPY_SRC | COPY_DST | TEXTURE_BINDING | RENDER_ATTACHMENT | TRANSIENT), flags: TextureFormatFeatureFlags(FILTERABLE | MULTISAMPLE_X2 | MULTISAMPLE_X4 | MULTISAMPLE_X8 | MULTISAMPLE_X16 | MULTISAMPLE_RESOLVE | BLENDABLE) }
sample oracle passed Rgba8UnormSrgb: all256 channel values/all8 samples/alpha/order/overlap/edges; wrong sample and sRGB view rejected
sample oracle passed Bgra8UnormSrgb: all256 channel values/all8 samples/alpha/order/overlap/edges; wrong sample and sRGB view rejected
exact8x adapter=AdapterInfo { name: "Intel(R) HD Graphics P630 (KBL GT2)", vendor: 32902, device: 22813, device_type: IntegratedGpu, device_pci_bus_id: "0000:00:02.0", driver: "Intel open-source Mesa driver", driver_info: "Mesa 25.0.7-2+deb13u1", backend: Vulkan, subgroup_min_size: 8, subgroup_max_size: 32, transient_saves_memory: false }, format=TextureFormatFeatures { allowed_usages: TextureUsages(COPY_SRC | COPY_DST | TEXTURE_BINDING | RENDER_ATTACHMENT | TRANSIENT), flags: TextureFormatFeatureFlags(FILTERABLE | MULTISAMPLE_X2 | MULTISAMPLE_X4 | MULTISAMPLE_X8 | MULTISAMPLE_X16 | MULTISAMPLE_RESOLVE | BLENDABLE) }
datum-import warning [/home/bfadmin/Documents/datum-eda/crates/gui-render/../engine/testdata/import/kicad/simple-demo.kicad_pcb]: parsed KiCad board skeleton into canonical nets, packages, tracks, vias, zones, and stackup; full geometry and rule import is not implemented yet
datum-import warning [/home/bfadmin/Documents/datum-eda/crates/gui-render/../engine/testdata/import/kicad/simple-demo.kicad_pcb]: zone dddddddd-dddd-dddd-dddd-dddddddddddd on layer F.Cu: no filled polygon; rendering authored boundary template instead
datum-import warning [/home/bfadmin/Documents/datum-eda/crates/gui-render/../engine/testdata/import/kicad/simple-demo.kicad_sch]: parsed KiCad schematic header and skeleton forms only; full symbol/connectivity import is not implemented yet
exact8x P630 case passed: r3 cold baseline
exact8x P630 case passed: r3 pointer entered
exact8x P630 case passed: coalesced newest pointer
exact8x P630 case passed: mixed composition invalidation
exact8x P630 case passed: menu overlap masked suffix
exact8x P630 case passed: menu overlap masked suffix
exact8x P630 case passed: menu overlap masked suffix
exact8x P630 case passed: menu removed
exact8x P630 case passed: negative old presented support
exact8x P630 case passed: fault recovery reconstructs B
r3 negative rejected: omitted old damage
exact8x P630 case passed: negative old presented support
exact8x P630 case passed: fault recovery reconstructs B
r3 negative rejected: omitted shared suffix predicate
exact8x P630 case passed: negative old presented support
exact8x P630 case passed: fault recovery reconstructs B
r3 negative rejected: unpresented stale B
exact8x P630 case passed: mask-generation pressure full fallback
exact8x P630 case passed: mask pressure released
r3 A/B aliases, encoded eviction, queue holds and full fallback passed
exact8x adapter=AdapterInfo { name: "Intel(R) HD Graphics P630 (KBL GT2)", vendor: 32902, device: 22813, device_type: IntegratedGpu, device_pci_bus_id: "0000:00:02.0", driver: "Intel open-source Mesa driver", driver_info: "Mesa 25.0.7-2+deb13u1", backend: Vulkan, subgroup_min_size: 8, subgroup_max_size: 32, transient_saves_memory: false }, format=TextureFormatFeatures { allowed_usages: TextureUsages(COPY_SRC | COPY_DST | TEXTURE_BINDING | RENDER_ATTACHMENT | TRANSIENT), flags: TextureFormatFeatureFlags(FILTERABLE | MULTISAMPLE_X2 | MULTISAMPLE_X4 | MULTISAMPLE_X8 | MULTISAMPLE_X16 | MULTISAMPLE_RESOLVE | BLENDABLE) }
datum-import warning [/home/bfadmin/Documents/datum-eda/crates/gui-render/../engine/testdata/import/kicad/simple-demo.kicad_pcb]: parsed KiCad board skeleton into canonical nets, packages, tracks, vias, zones, and stackup; full geometry and rule import is not implemented yet
datum-import warning [/home/bfadmin/Documents/datum-eda/crates/gui-render/../engine/testdata/import/kicad/simple-demo.kicad_pcb]: zone dddddddd-dddd-dddd-dddd-dddddddddddd on layer F.Cu: no filled polygon; rendering authored boundary template instead
datum-import warning [/home/bfadmin/Documents/datum-eda/crates/gui-render/../engine/testdata/import/kicad/simple-demo.kicad_sch]: parsed KiCad schematic header and skeleton forms only; full symbol/connectivity import is not implemented yet
exact8x P630 case passed: cold board and schematic
exact8x P630 case passed: Board/FullViewport/Some(ScreenPointPx { x: 369.1725, y: 347.894 })
exact8x P630 case passed: Board/FullViewport/Some(ScreenPointPx { x: 462.1075, y: 455.158 })
exact8x P630 case passed: Board/FullViewport/None
exact8x P630 case passed: Board/Local/Some(ScreenPointPx { x: 369.1725, y: 347.894 })
exact8x P630 case passed: Board/Local/Some(ScreenPointPx { x: 462.1075, y: 455.158 })
exact8x P630 case passed: Board/Local/None
exact8x P630 case passed: Board/None/Some(ScreenPointPx { x: 369.1725, y: 347.894 })
exact8x P630 case passed: Board/None/Some(ScreenPointPx { x: 462.1075, y: 455.158 })
exact8x P630 case passed: Board/None/None
exact8x P630 case passed: Schematic/FullViewport/Some(ScreenPointPx { x: 749.6725, y: 347.894 })
exact8x P630 case passed: Schematic/FullViewport/Some(ScreenPointPx { x: 842.60754, y: 455.158 })
exact8x P630 case passed: Schematic/FullViewport/None
exact8x P630 case passed: Schematic/Local/Some(ScreenPointPx { x: 749.6725, y: 347.894 })
exact8x P630 case passed: Schematic/Local/Some(ScreenPointPx { x: 842.60754, y: 455.158 })
exact8x P630 case passed: Schematic/Local/None
exact8x P630 case passed: Schematic/None/Some(ScreenPointPx { x: 749.6725, y: 347.894 })
exact8x P630 case passed: Schematic/None/Some(ScreenPointPx { x: 842.60754, y: 455.158 })
exact8x P630 case passed: Schematic/None/None
exact8x adapter=AdapterInfo { name: "Intel(R) HD Graphics P630 (KBL GT2)", vendor: 32902, device: 22813, device_type: IntegratedGpu, device_pci_bus_id: "0000:00:02.0", driver: "Intel open-source Mesa driver", driver_info: "Mesa 25.0.7-2+deb13u1", backend: Vulkan, subgroup_min_size: 8, subgroup_max_size: 32, transient_saves_memory: false }, format=TextureFormatFeatures { allowed_usages: TextureUsages(COPY_SRC | COPY_DST | TEXTURE_BINDING | RENDER_ATTACHMENT | TRANSIENT), flags: TextureFormatFeatureFlags(FILTERABLE | MULTISAMPLE_X2 | MULTISAMPLE_X4 | MULTISAMPLE_X8 | MULTISAMPLE_X16 | MULTISAMPLE_RESOLVE | BLENDABLE) }

thread 'visual::visual_capture::offscreen_session_tests::prefix_qualification_tests::r3_p630_exact_output_batch' (1402170) panicked at crates/gui-render/src/render/prefix_qualification_tests.rs:100:6:
called `Result::unwrap()` on an `Err` value: import /home/bfadmin/Documents/datum-eda/target/gpu-r2-proof/project/board/board.json: import error: unsupported import path /home/bfadmin/Documents/datum-eda/target/gpu-r2-proof/project/board/board.json; expected .lbr, .kicad_pcb, .kicad_sch, .kicad_pro, .brd, or .sch
note: run with `RUST_BACKTRACE=1` environment variable to display a backtrace
FAILED

failures:

failures:
    visual::visual_capture::offscreen_session_tests::prefix_qualification_tests::r3_p630_exact_output_batch

test result: FAILED. 0 passed; 1 failed; 0 ignored; 0 measured; 536 filtered out; finished in 4.36s

