Date: 2026-09-06 PDT
[14:13:41.017] weston 14.0.2
               https://wayland.freedesktop.org
               Bug reports to: https://gitlab.freedesktop.org/wayland/weston/issues/
               Build: 14.0.2
[14:13:41.017] Command line: weston --backend=headless --renderer=pixman --no-config --socket=wayland-wdq-pilot --width=1600 --height=1000 --idle-time=0
[14:13:41.017] OS: Linux, 6.12.101+deb13-amd64, #1 SMP PREEMPT_DYNAMIC Debian 6.12.101-1 (2026-08-05), x86_64
[14:13:41.017] Flight recorder: enabled
[14:13:41.017] Starting with no config file.
[14:13:41.017] Output repaint window is 7 ms maximum.
[14:13:41.017] Loading module '/usr/lib/x86_64-linux-gnu/libweston-14/headless-backend.so'
[14:13:41.023] Using Pixman renderer
[14:13:41.023] Registered plugin API 'weston_windowed_output_api_headless_v2' of size 16
[14:13:41.023] Color manager: no-op
                 protocol support: no
[14:13:41.023] Output 'headless' attempts EOTF mode SDR and colorimetry mode default.
[14:13:41.023] Output 'headless' using color profile: stock sRGB color profile
[14:13:41.023] Output 'headless' enabled with head(s) headless
[14:13:41.023] Compositor capabilities:
               arbitrary surface rotation: yes
               screen capture uses y-flip: no
               cursor planes: no
               arbitrary resolutions: no
               view mask clipping: yes
               explicit sync: no
               color operations: no
               presentation clock: CLOCK_MONOTONIC_RAW, id 4
               presentation clock resolution: 0.000000001 s
[14:13:41.023] Loading module '/usr/lib/x86_64-linux-gnu/weston/desktop-shell.so'
[14:13:41.023] launching '/usr/libexec/weston-keyboard'
[14:13:41.024] launching '/usr/libexec/weston-desktop-shell'
could not load cursor 'dnd-move'
could not load cursor 'dnd-copy'
could not load cursor 'dnd-none'
could not load cursor 'dnd-move'
could not load cursor 'dnd-copy'
could not load cursor 'dnd-none'
[14:15:00.029] caught signal 15
[14:15:00.030] BUG: finalizing a layer with views still on it.
