Cargo resource preflight: target=/home/bfadmin/Documents/datum-eda/target size=26.2 GiB target_free=174.3 GiB tmp_free=6.4 GiB
warning: Cargo target exceeds soft limit: 26.2 GiB used; soft limit 20.0 GiB
   Compiling proc-macro2 v1.0.106
   Compiling quote v1.0.45
   Compiling unicode-ident v1.0.24
   Compiling cfg-if v1.0.4
   Compiling libm v0.2.16
   Compiling bitflags v2.11.0
   Compiling autocfg v1.5.0
   Compiling libc v0.2.183
   Compiling log v0.4.29
   Compiling once_cell v1.21.4
   Compiling smallvec v1.15.1
   Compiling memchr v2.8.0
   Compiling libloading v0.8.9
   Compiling version_check v0.9.5
   Compiling pkg-config v0.3.32
   Compiling num-traits v0.2.19
   Compiling arrayvec v0.7.6
   Compiling zerocopy v0.8.47
   Compiling find-msvc-tools v0.1.9
   Compiling shlex v1.3.0
   Compiling cc v1.2.57
   Compiling cfg_aliases v0.2.1
   Compiling rustix v1.1.4
   Compiling thiserror v2.0.18
   Compiling syn v2.0.117
   Compiling linux-raw-sys v0.12.1
   Compiling crossbeam-utils v0.8.21
   Compiling wayland-sys v0.31.11
   Compiling dlib v0.5.3
   Compiling getrandom v0.3.4
   Compiling core_maths v0.1.1
   Compiling ttf-parser v0.25.1
   Compiling crossbeam-epoch v0.9.18
   Compiling downcast-rs v1.2.1
   Compiling anyhow v1.0.102
   Compiling scoped-tls v1.0.1
   Compiling typenum v1.19.0
   Compiling rayon-core v1.13.0
   Compiling crossbeam-deque v0.8.6
   Compiling quick-xml v0.39.2
   Compiling generic-array v0.14.7
   Compiling ahash v0.8.12
   Compiling wayland-client v0.31.14
   Compiling equivalent v1.0.2
   Compiling wayland-backend v0.3.15
   Compiling serde_core v1.0.228
   Compiling foldhash v0.2.0
   Compiling simd-adler32 v0.3.9
   Compiling parking_lot_core v0.9.12
   Compiling allocator-api2 v0.2.21
   Compiling hashbrown v0.16.1
   Compiling wayland-scanner v0.31.10
   Compiling euclid v0.22.14
   Compiling num-integer v0.1.46
   Compiling either v1.15.0
   Compiling scopeguard v1.2.0
   Compiling ash v0.38.0+1.3.281
   Compiling lock_api v0.4.14
   Compiling num-bigint v0.4.6
   Compiling naga v28.0.0
   Compiling foldhash v0.1.5
   Compiling zmij v1.0.21
   Compiling adler2 v2.0.1
   Compiling vcpkg v0.2.15
   Compiling crc32fast v1.5.0
   Compiling rustc-hash v1.1.0
   Compiling khronos-egl v6.0.0
   Compiling stable_deref_trait v1.2.1
   Compiling unicode-width v0.1.14
   Compiling bit-vec v0.8.0
   Compiling as-slice v0.2.1
   Compiling num-rational v0.4.2
   Compiling bit-set v0.8.0
   Compiling codespan-reporting v0.12.0
   Compiling miniz_oxide v0.8.9
   Compiling libsqlite3-sys v0.30.1
   Compiling hashbrown v0.15.5
   Compiling parking_lot v0.12.5
   Compiling rayon v1.11.0
   Compiling indexmap v2.13.0
   Compiling memmap2 v0.9.10
   Compiling wgpu-hal v28.0.1
   Compiling bytemuck_derive v1.10.2
   Compiling zerocopy-derive v0.8.47
   Compiling thiserror-impl v2.0.18
   Compiling profiling-procmacros v1.0.17
   Compiling profiling v1.0.17
   Compiling equator-macro v0.4.2
   Compiling bytemuck v1.25.0
   Compiling equator v0.4.2
   Compiling slotmap v1.1.1
   Compiling aligned-vec v0.6.4
   Compiling gpu-descriptor-types v0.2.0
   Compiling spirv v0.3.0+sdk-1.3.268.0
   Compiling v_frame v0.3.9
   Compiling serde_json v1.0.149
   Compiling presser v0.3.1
   Compiling serde v1.0.228
   Compiling raw-window-handle v0.6.2
   Compiling av-scenechange v0.14.1
   Compiling rustix v0.38.44
   Compiling getrandom v0.4.2
   Compiling built v0.8.0
   Compiling thiserror v1.0.69
   Compiling hexf-parse v0.2.1
   Compiling paste v1.0.15
   Compiling gpu-descriptor v0.3.2
   Compiling font-types v0.11.1
   Compiling wgpu-types v28.0.0
   Compiling font-types v0.10.1
   Compiling rav1e v0.8.1
   Compiling thiserror-impl v1.0.69
   Compiling serde_derive v1.0.228
   Compiling arg_enum_proc_macro v0.3.4
   Compiling aligned v0.4.3
   Compiling block-buffer v0.10.4
   Compiling crypto-common v0.1.7
   Compiling lyon_geom v1.0.19
   Compiling ordered-float v4.6.0
   Compiling core2 v0.4.0
   Compiling nom v8.0.0
   Compiling quick-error v2.0.1
   Compiling renderdoc-sys v1.1.0
   Compiling itoa v1.0.18
   Compiling pastey v0.1.1
   Compiling glow v0.16.0
   Compiling linux-raw-sys v0.4.15
   Compiling y4m v0.8.0
   Compiling half v2.7.1
   Compiling hashbrown v0.14.5
   Compiling hashlink v0.9.1
   Compiling av1-grain v0.2.5
   Compiling lyon_path v1.0.19
   Compiling bitstream-io v4.9.0
   Compiling digest v0.10.7
   Compiling flate2 v1.1.9
   Compiling read-fonts v0.35.0
   Compiling wayland-protocols v0.32.12
   Compiling read-fonts v0.37.0
   Compiling maybe-rayon v0.1.1
   Compiling fax_derive v0.2.0
   Compiling num-derive v0.4.2
   Compiling polling v3.11.0
   Compiling itertools v0.14.0
   Compiling simd_helpers v0.1.0
   Compiling wgpu-core v28.0.1
   Compiling weezl v0.1.12
   Compiling gpu-allocator v0.28.0
   Compiling cpufeatures v0.2.17
   Compiling new_debug_unreachable v1.0.6
   Compiling litrs v1.0.0
   Compiling tinyvec_macros v0.1.1
   Compiling zune-core v0.5.1
   Compiling sha1_smol v1.0.1
   Compiling fallible-iterator v0.3.0
   Compiling roxmltree v0.20.0
   Compiling slab v0.4.12
   Compiling imgref v1.12.0
   Compiling noop_proc_macro v0.3.0
   Compiling fallible-streaming-iterator v0.1.9
   Compiling float_next_after v1.0.0
   Compiling rusqlite v0.32.1
   Compiling lyon_tessellation v1.0.20
   Compiling fontconfig-parser v0.5.8
   Compiling skrifa v0.40.0
   Compiling loop9 v0.1.5
   Compiling calloop v0.13.0
   Compiling uuid v1.22.0
   Compiling document-features v0.2.12
   Compiling zune-jpeg v0.5.15
   Compiling tinyvec v1.11.0
   Compiling sha2 v0.10.9
   Compiling fax v0.2.6
   Compiling zune-inflate v0.2.54
   Compiling fdeflate v0.3.7
   Compiling wgpu v28.0.0
   Compiling quick-xml v0.38.4
   Compiling avif-serialize v0.8.8
   Compiling xkeysym v0.2.1
   Compiling lebe v0.5.3
   Compiling smithay-client-toolkit v0.19.2
   Compiling rgb v0.8.52
   Compiling color_quant v1.1.0
   Compiling cursor-icon v1.2.0
   Compiling strict-num v0.1.1
   Compiling zeno v0.3.3
   Compiling pxfm v0.1.28
   Compiling arrayref v0.3.9
   Compiling bit_field v0.10.3
   Compiling smol_str v0.2.2
   Compiling utf8parse v0.2.2
   Compiling xcursor v0.3.10
   Compiling byteorder-lite v0.1.0
   Compiling yazi v0.2.1
   Compiling image-webp v0.2.4
   Compiling wayland-cursor v0.31.14
   Compiling swash v0.2.7
   Compiling anstyle-parse v1.0.0
   Compiling wgpu-core-deps-windows-linux-android v28.0.0
   Compiling exr v1.74.0
   Compiling tiny-skia-path v0.11.4
   Compiling wayland-csd-frame v0.3.0
   Compiling ravif v0.13.0
   Compiling gif v0.14.1
   Compiling moxcms v0.8.1
   Compiling eda-engine v0.1.0 (/home/bfadmin/Documents/datum-eda/crates/engine)
   Compiling png v0.18.1
   Compiling tiff v0.11.3
   Compiling fontdb v0.23.0
   Compiling calloop-wayland-source v0.3.0
   Compiling harfrust v0.3.2
   Compiling skrifa v0.37.0
   Compiling wayland-protocols-wlr v0.3.12
   Compiling datum-verb-registry v0.1.0 (/home/bfadmin/Documents/datum-eda/crates/verb-registry)
   Compiling qoi v0.4.1
   Compiling gethostname v1.1.0
   Compiling owned_ttf_parser v0.25.1
   Compiling x11-dl v2.21.0
   Compiling rangemap v1.7.1
   Compiling unicode-segmentation v1.13.2
   Compiling unicode-script v0.5.8
   Compiling unicode-bidi v0.3.18
   Compiling linebender_resource_handle v0.1.1
   Compiling static_assertions v1.1.0
   Compiling svg_fmt v0.4.5
   Compiling x11rb-protocol v0.13.2
   Compiling ab_glyph_rasterizer v0.1.10
   Compiling colorchoice v1.0.5
   Compiling sys-locale v0.3.2
   Compiling anstyle-query v1.1.5
   Compiling self_cell v1.2.2
   Compiling is_terminal_polyfill v1.70.2
   Compiling unicode-linebreak v0.1.5
   Compiling anstyle v1.0.14
   Compiling as-raw-xcb-connection v1.0.1
   Compiling ab_glyph v0.2.32
   Compiling anstream v1.0.0
   Compiling cosmic-text v0.15.0
   Compiling etagere v0.2.15
   Compiling image v0.25.10
   Compiling tiny-skia v0.11.4
   Compiling winit v0.30.13
   Compiling pin-project-lite v0.2.17
   Compiling grid v1.0.1
   Compiling clap_lex v1.1.0
   Compiling lru v0.16.3
   Compiling rustc-hash v2.1.2
   Compiling percent-encoding v2.3.2
   Compiling tracing-core v0.1.36
   Compiling strsim v0.11.1
   Compiling heck v0.5.0
   Compiling clap_derive v4.6.0
   Compiling tracing v0.1.44
   Compiling clap_builder v4.6.0
   Compiling glyphon v0.10.0
   Compiling sctk-adwaita v0.10.1
   Compiling taffy v0.11.0
   Compiling xkbcommon-dl v0.4.2
   Compiling wayland-protocols-plasma v0.3.12
   Compiling dpi v0.1.2
   Compiling pollster v0.4.0
   Compiling datum-terminal-core v0.1.0 (/home/bfadmin/Documents/datum-eda/crates/terminal-core)
   Compiling clap v4.6.0
   Compiling x11rb v0.13.2
   Compiling arboard v3.6.1
   Compiling datum-gui-protocol v0.1.0 (/home/bfadmin/Documents/datum-eda/crates/gui-protocol)
   Compiling datum-gui-viewport v0.1.0 (/home/bfadmin/Documents/datum-eda/crates/gui-viewport)
   Compiling datum-gui-render v0.1.0 (/home/bfadmin/Documents/datum-eda/crates/gui-render)
   Compiling datum-gui-app v0.1.0 (/home/bfadmin/Documents/datum-eda/crates/gui-app)
    Finished `test` profile [unoptimized + debuginfo] target(s) in 2m 27s
     Running unittests src/main.rs (target/debug/deps/datum_gui-19c6acb98962ab73)

running 1 test
test app_shell::resource_measurements::frame_tests::frame_trace_serializes_actual_render_attempts_and_refuses_overflow ... FAILED

failures:

---- app_shell::resource_measurements::frame_tests::frame_trace_serializes_actual_render_attempts_and_refuses_overflow stdout ----
datum-import warning [/home/bfadmin/Documents/datum-eda/crates/gui-app/../engine/testdata/import/kicad/simple-demo.kicad_pcb]: parsed KiCad board skeleton into canonical nets, packages, tracks, vias, zones, and stackup; full geometry and rule import is not implemented yet
datum-import warning [/home/bfadmin/Documents/datum-eda/crates/gui-app/../engine/testdata/import/kicad/simple-demo.kicad_pcb]: zone dddddddd-dddd-dddd-dddd-dddddddddddd on layer F.Cu: no filled polygon; rendering authored boundary template instead
datum-import warning [/home/bfadmin/Documents/datum-eda/crates/gui-app/../engine/testdata/import/kicad/simple-demo.kicad_sch]: parsed KiCad schematic header and skeleton forms only; full symbol/connectivity import is not implemented yet

thread 'app_shell::resource_measurements::frame_tests::frame_trace_serializes_actual_render_attempts_and_refuses_overflow' (1314474) panicked at crates/gui-app/src/native_frame_measurement_tests.rs:118:65:
called `Result::unwrap()` on an `Err` value: prepared schematic pane requires retained schematic content
note: run with `RUST_BACKTRACE=1` environment variable to display a backtrace


failures:
    app_shell::resource_measurements::frame_tests::frame_trace_serializes_actual_render_attempts_and_refuses_overflow

test result: FAILED. 0 passed; 1 failed; 0 ignored; 0 measured; 398 filtered out; finished in 2.00s

error: test failed, to rerun pass `-p datum-gui-app --bin datum-gui`
