datum-gui diagnostic log pid=267579 start=SystemTime { tv_sec: 1790349055, tv_nsec: 347471065 }
[SystemTime { tv_sec: 1790349055, tv_nsec: 347762274 }] startup args=GuiArgs { terminal_profile: TerminalProfileArgs { selected: "default", custom_name: "custom", program: None, args: [], environment: [], environment_remove: [], cwd: "active", theme: None, font_scale_percent: None, history_lines: None, history_mebibytes: None, cursor: None, bell: None, agent_authority: "propose", unattended_tools: [] }, demo_known_good: false, board_file: None, schematic_file: None, artifact_path: None, project_root: Some("/tmp/pm045-admission-hqugp169/project"), select: None, net_uuid: None, from_anchor_pad_uuid: None, to_anchor_pad_uuid: None, profile: None, visual_test: false, initial_layout: Some("single"), open_menu: None, open_global_preferences: false, open_new_project: false, open_project_preferences: false, focus_pane: None, fixture_revision_surface: None, layers_scroll_end: false, window_size: "1280x800", screenshot_out: None, exit_after_screenshot: false, window_visual_test: false, visual_scale_factor: Some(1.0), interaction_smoke: false, resize_torture_smoke: false, kwin_lifecycle_smoke: false }
[SystemTime { tv_sec: 1790349055, tv_nsec: 382591958 }] resumed event
[SystemTime { tv_sec: 1790349055, tv_nsec: 382626463 }] launch state load begin
[SystemTime { tv_sec: 1790349055, tv_nsec: 382665179 }] request resolve begin
[SystemTime { tv_sec: 1790349055, tv_nsec: 382692803 }] request resolve end project_root=/tmp/pm045-admission-hqugp169/project board_file=None
[SystemTime { tv_sec: 1790349055, tv_nsec: 382719307 }] workspace load begin
[SystemTime { tv_sec: 1790349057, tv_nsec: 57014425 }] workspace load end
[SystemTime { tv_sec: 1790349057, tv_nsec: 57053388 }] camera fit begin
[SystemTime { tv_sec: 1790349057, tv_nsec: 57081436 }] camera fit end
[SystemTime { tv_sec: 1790349057, tv_nsec: 57256314 }] terminal spawn begin
[SystemTime { tv_sec: 1790349057, tv_nsec: 64884822 }] terminal spawn end
[SystemTime { tv_sec: 1790349057, tv_nsec: 64925608 }] launch state load end
[SystemTime { tv_sec: 1790349057, tv_nsec: 81690057 }] window created
[SystemTime { tv_sec: 1790349057, tv_nsec: 81737045 }] runtime creation begin
[SystemTime { tv_sec: 1790349057, tv_nsec: 83437143 }] wgpu instance create begin
[SystemTime { tv_sec: 1790349057, tv_nsec: 547520429 }] wgpu request adapter begin
[SystemTime { tv_sec: 1790349057, tv_nsec: 568685908 }] surface identity window=WindowId(33554436) window_backend=x11 gpu_backend=Vulkan adapter="Intel(R) HD Graphics P630 (KBL GT2)" device_type=IntegratedGpu driver="Intel open-source Mesa driver" driver_info="Mesa 25.0.7-2+deb13u1"
[SystemTime { tv_sec: 1790349057, tv_nsec: 568713897 }] wgpu request device begin
[SystemTime { tv_sec: 1790349057, tv_nsec: 611552554 }] wgpu request device end
[SystemTime { tv_sec: 1790349057, tv_nsec: 611737230 }] initial surface configuration requested 1280x800 format=Bgra8UnormSrgb present=Fifo msaa=8
[SystemTime { tv_sec: 1790349057, tv_nsec: 611755605 }] renderer init begin
[SystemTime { tv_sec: 1790349059, tv_nsec: 16521613 }] gpu_measurement_host host=1 epoch=1 window=WindowId(33554436) timestamp_period_ns=83.333336
[SystemTime { tv_sec: 1790349059, tv_nsec: 16553182 }] renderer init end
[SystemTime { tv_sec: 1790349059, tv_nsec: 17775896 }] runtime creation end
[SystemTime { tv_sec: 1790349059, tv_nsec: 17977245 }] window visible
[SystemTime { tv_sec: 1790349059, tv_nsec: 18176966 }] surface configure begin
[SystemTime { tv_sec: 1790349059, tv_nsec: 20387847 }] surface configure end
[SystemTime { tv_sec: 1790349059, tv_nsec: 20413362 }] native queue configured host=1 configurations=1 submitted=0 completed=0
gpu_measurement_incomplete {"device_epoch":1,"frame":1,"host":1,"reason":"cold_upload_multisubmission_timestamps_unqualified","status":"incomplete","submission":1}
gpu_measurement_incomplete {"device_epoch":1,"frame":1,"host":1,"reason":"cold_upload_multisubmission_timestamps_unqualified","status":"incomplete","submission":2}
gpu_measurement {"device_epoch":1,"frame":2,"frame_span_ns":13308500.406143188,"host":1,"own_pass_sum_ns":13259750.404655457,"passes_ns":[["scene",7474833.561447144],["text",1887666.7242736816],["menu-background",1930166.7255706787],["menu-text",1967083.3933639526]],"raw_ticks":[10076934564,10077024262,10077024463,10077047115,10077047319,10077070481,10077070661,10077094266],"submission":3,"timestamp_period_ns":83.33333587646484}
gpu_measurement {"device_epoch":1,"frame":3,"frame_span_ns":10079250.3075943,"host":1,"own_pass_sum_ns":10039583.639717102,"passes_ns":[["scene",5671083.506401062],["text",1451000.0442810059],["menu-background",1449666.7109069824],["menu-text",1467833.3781280518]],"raw_ticks":[10077331775,10077399828,10077399986,10077417398,10077417557,10077434953,10077435112,10077452726],"submission":4,"timestamp_period_ns":83.33333587646484}
gpu_measurement {"device_epoch":1,"frame":4,"frame_span_ns":18852583.908668518,"host":1,"own_pass_sum_ns":18812000.57409668,"passes_ns":[["scene",5798833.510299683],["text",1550666.7139892578],["menu-background",10110083.641868591],["menu-text",1352416.707939148]],"raw_ticks":[10077506908,10077576494,10077576656,10077595264,10077595427,10077716748,10077716910,10077733139],"submission":5,"timestamp_period_ns":83.33333587646484}
gpu_measurement {"device_epoch":1,"frame":5,"frame_span_ns":8456166.924728394,"host":1,"own_pass_sum_ns":8424000.257080078,"passes_ns":[["scene",4948666.817687988],["text",1160666.7020874023],["menu-background",1179333.3693237305],["menu-text",1135333.367980957]],"raw_ticks":[10077790639,10077850023,10077850151,10077864079,10077864212,10077878364,10077878489,10077892113],"submission":6,"timestamp_period_ns":83.33333587646484}
gpu_measurement {"device_epoch":1,"frame":6,"frame_span_ns":7783750.237541199,"host":1,"own_pass_sum_ns":7761083.5701828,"passes_ns":[["scene",3702833.446334839],["text",911833.3611602783],["menu-background",2448583.4080581665],["menu-text",697833.3546295166]],"raw_ticks":[10077969657,10078014091,10078014200,10078025142,10078025223,10078054606,10078054688,10078063062],"submission":7,"timestamp_period_ns":83.33333587646484}
[SystemTime { tv_sec: 1790349064, tv_nsec: 677736249 }] surface identity window=WindowId(33554454) window_backend=x11 gpu_backend=Vulkan adapter="Intel(R) HD Graphics P630 (KBL GT2)" device_type=IntegratedGpu driver="Intel open-source Mesa driver" driver_info="Mesa 25.0.7-2+deb13u1"
[SystemTime { tv_sec: 1790349064, tv_nsec: 683300762 }] gpu_measurement_host host=2 epoch=1 window=WindowId(33554454) timestamp_period_ns=83.333336
gpu_measurement {"device_epoch":1,"frame":7,"frame_span_ns":12483667.04763794,"host":1,"own_pass_sum_ns":12469000.380523682,"passes_ns":[["scene",7672833.567489624],["text",4796166.813034058]],"raw_ticks":[10083412932,10083505006,10083505182,10083562736],"submission":8,"timestamp_period_ns":83.33333587646484}
[SystemTime { tv_sec: 1790349064, tv_nsec: 700596062 }] surface configure begin
[SystemTime { tv_sec: 1790349064, tv_nsec: 729645501 }] surface configure end
[SystemTime { tv_sec: 1790349064, tv_nsec: 729671910 }] native queue configured host=2 configurations=2 submitted=8 completed=8
gpu_measurement {"device_epoch":1,"frame":1,"frame_span_ns":2877583.4211502075,"host":2,"own_pass_sum_ns":2877583.4211502075,"passes_ns":[["dialog",2877583.4211502075]],"raw_ticks":[10084130172,10084164703],"submission":9,"timestamp_period_ns":83.33333587646484}
gpu_measurement {"device_epoch":1,"frame":8,"frame_span_ns":9073583.610237122,"host":1,"own_pass_sum_ns":9057500.276412964,"passes_ns":[["scene",7221333.5537109375],["text",1836166.7227020264]],"raw_ticks":[10088170607,10088257263,10088257456,10088279490],"submission":10,"timestamp_period_ns":83.33333587646484}
gpu_measurement {"device_epoch":1,"frame":9,"frame_span_ns":12760250.389411926,"host":1,"own_pass_sum_ns":12721417.054893494,"passes_ns":[["scene",8339166.921157837],["text",1622000.0494995117],["menu-background",1427583.3768997192],["menu-text",1332666.7073364258]],"raw_ticks":[10088417621,10088517691,10088517861,10088537325,10088537476,10088554607,10088554752,10088570744],"submission":11,"timestamp_period_ns":83.33333587646484}
gpu_measurement {"device_epoch":1,"frame":10,"frame_span_ns":15446000.471374512,"host":1,"own_pass_sum_ns":15395250.469825745,"passes_ns":[["scene",7144750.218040466],["text",4551750.138908386],["menu-background",1904416.724784851],["menu-text",1794333.388092041]],"raw_ticks":[10089668832,10089754569,10089754772,10089809393,10089809600,10089832453,10089832652,10089854184],"submission":12,"timestamp_period_ns":83.33333587646484}
gpu_measurement {"device_epoch":1,"frame":11,"frame_span_ns":12488250.381111145,"host":1,"own_pass_sum_ns":12441917.04636383,"passes_ns":[["scene",7626583.566078186],["text",1698750.0518417358],["menu-background",1687666.718170166],["menu-text",1428916.7102737427]],"raw_ticks":[10089982205,10090073724,10090073914,10090094299,10090094483,10090114735,10090114917,10090132064],"submission":13,"timestamp_period_ns":83.33333587646484}
gpu_measurement {"device_epoch":1,"frame":12,"frame_span_ns":9037666.942474365,"host":1,"own_pass_sum_ns":9004083.60811615,"passes_ns":[["scene",4724833.477523804],["text",1947416.726097107],["menu-background",1258333.3717346191],["menu-text",1073500.0327606201]],"raw_ticks":[10090193247,10090249945,10090250087,10090273456,10090273590,10090288690,10090288817,10090301699],"submission":14,"timestamp_period_ns":83.33333587646484}
gpu_measurement {"device_epoch":1,"frame":13,"frame_span_ns":5175166.82460022,"host":1,"own_pass_sum_ns":5154166.823959351,"passes_ns":[["scene",3065750.093559265],["text",743583.3560256958],["menu-background",695000.0212097168],["menu-text",649833.3531646729]],"raw_ticks":[10090369602,10090406391,10090406485,10090415408,10090415487,10090423827,10090423906,10090431704],"submission":15,"timestamp_period_ns":83.33333587646484}
[SystemTime { tv_sec: 1790349065, tv_nsec: 452285960 }] surface identity window=WindowId(33554472) window_backend=x11 gpu_backend=Vulkan adapter="Intel(R) HD Graphics P630 (KBL GT2)" device_type=IntegratedGpu driver="Intel open-source Mesa driver" driver_info="Mesa 25.0.7-2+deb13u1"
[SystemTime { tv_sec: 1790349065, tv_nsec: 467133190 }] gpu_measurement_host host=3 epoch=1 window=WindowId(33554472) timestamp_period_ns=83.333336
gpu_measurement {"device_epoch":1,"frame":14,"frame_span_ns":9391000.286590576,"host":1,"own_pass_sum_ns":9375083.619438171,"passes_ns":[["scene",6971333.546081543],["text",2403750.0733566284]],"raw_ticks":[10092829438,10092913094,10092913285,10092942130],"submission":16,"timestamp_period_ns":83.33333587646484}
[SystemTime { tv_sec: 1790349065, tv_nsec: 487815904 }] surface configure begin
[SystemTime { tv_sec: 1790349065, tv_nsec: 489780924 }] surface configure end
[SystemTime { tv_sec: 1790349065, tv_nsec: 489813470 }] native queue configured host=3 configurations=3 submitted=16 completed=16
gpu_measurement {"device_epoch":1,"frame":1,"frame_span_ns":2608083.41292572,"host":3,"own_pass_sum_ns":2608083.41292572,"passes_ns":[["dialog",2608083.41292572]],"raw_ticks":[10093201671,10093232968],"submission":17,"timestamp_period_ns":83.33333587646484}
gpu_measurement {"device_epoch":1,"frame":15,"frame_span_ns":11205083.67528534,"host":1,"own_pass_sum_ns":11189583.674812317,"passes_ns":[["scene",9450583.621742249],["text",1739000.0530700684]],"raw_ticks":[10095753462,10095866869,10095867055,10095887923],"submission":18,"timestamp_period_ns":83.33333587646484}
gpu_measurement {"device_epoch":1,"frame":16,"frame_span_ns":21290333.983062744,"host":1,"own_pass_sum_ns":21243250.64829254,"passes_ns":[["scene",7198333.553009033],["text",1867250.0569839478],["menu-background",10592500.323257446],["menu-text",1585166.7150421143]],"raw_ticks":[10096024635,10096111015,10096111206,10096133613,10096133812,10096260922,10096261097,10096280119],"submission":19,"timestamp_period_ns":83.33333587646484}
gpu_measurement {"device_epoch":1,"frame":17,"frame_span_ns":13014500.39717102,"host":1,"own_pass_sum_ns":12964500.395645142,"passes_ns":[["scene",7520250.229499817],["text",1887500.0576019287],["menu-background",1766750.0539169312],["menu-text",1790000.0546264648]],"raw_ticks":[10097316052,10097406295,10097406502,10097429152,10097429348,10097450549,10097450746,10097472226],"submission":20,"timestamp_period_ns":83.33333587646484}
gpu_measurement {"device_epoch":1,"frame":18,"frame_span_ns":19494500.594924927,"host":1,"own_pass_sum_ns":19455500.59373474,"passes_ns":[["scene",8020083.578086853],["text",1608166.7157440186],["menu-background",8747583.600288391],["menu-text",1079666.6996154785]],"raw_ticks":[10097540134,10097636375,10097636555,10097655853,10097656009,10097760980,10097761112,10097774068],"submission":21,"timestamp_period_ns":83.33333587646484}
gpu_measurement {"device_epoch":1,"frame":19,"frame_span_ns":5785000.176544189,"host":1,"own_pass_sum_ns":5762916.842536926,"passes_ns":[["scene",3399666.7704162598],["text",796333.357635498],["menu-background",797583.357673645],["menu-text",769333.3568115234]],"raw_ticks":[10097832591,10097873387,10097873476,10097883032,10097883120,10097892691,10097892779,10097902011],"submission":22,"timestamp_period_ns":83.33333587646484}
gpu_measurement {"device_epoch":1,"frame":20,"frame_span_ns":5580333.503631592,"host":1,"own_pass_sum_ns":5557333.5029296875,"passes_ns":[["scene",3088833.427597046],["text",809916.6913833618],["menu-background",843833.359085083],["menu-text",814750.0248641968]],"raw_ticks":[10097985446,10098022512,10098022602,10098032321,10098032413,10098042539,10098042633,10098052410],"submission":23,"timestamp_period_ns":83.33333587646484}
[SystemTime { tv_sec: 1790349066, tv_nsec: 88865028 }] surface identity window=WindowId(33554490) window_backend=x11 gpu_backend=Vulkan adapter="Intel(R) HD Graphics P630 (KBL GT2)" device_type=IntegratedGpu driver="Intel open-source Mesa driver" driver_info="Mesa 25.0.7-2+deb13u1"
[SystemTime { tv_sec: 1790349066, tv_nsec: 103878453 }] gpu_measurement_host host=4 epoch=1 window=WindowId(33554490) timestamp_period_ns=83.333336
[SystemTime { tv_sec: 1790349066, tv_nsec: 116641099 }] surface configure begin
[SystemTime { tv_sec: 1790349066, tv_nsec: 121505330 }] surface configure end
[SystemTime { tv_sec: 1790349066, tv_nsec: 121542526 }] native queue configured host=4 configurations=4 submitted=24 completed=24
gpu_measurement {"device_epoch":1,"frame":21,"frame_span_ns":8538083.593894958,"host":1,"own_pass_sum_ns":8521666.926727295,"passes_ns":[["scene",6677166.870437622],["text",1844500.0562896729]],"raw_ticks":[10100459891,10100540017,10100540214,10100562348],"submission":24,"timestamp_period_ns":83.33333587646484}
gpu_measurement {"device_epoch":1,"frame":1,"frame_span_ns":2276833.4028167725,"host":4,"own_pass_sum_ns":2276833.4028167725,"passes_ns":[["dialog",2276833.4028167725]],"raw_ticks":[10100828385,10100855707],"submission":25,"timestamp_period_ns":83.33333587646484}
gpu_measurement {"device_epoch":1,"frame":22,"frame_span_ns":10490916.986824036,"host":1,"own_pass_sum_ns":10475583.653022766,"passes_ns":[["scene",8743166.933486938],["text",1732416.7195358276]],"raw_ticks":[10103511696,10103616614,10103616798,10103637587],"submission":26,"timestamp_period_ns":83.33333587646484}
