Cargo resource preflight: target=/home/bfadmin/Documents/datum-eda/target size=29.0 GiB target_free=171.5 GiB tmp_free=6.4 GiB
warning: Cargo target exceeds soft limit: 29.0 GiB used; soft limit 20.0 GiB
   Compiling bitflags v2.11.0
   Compiling once_cell v1.21.4
   Compiling smallvec v1.15.1
   Compiling bytemuck v1.25.0
   Compiling num-traits v0.2.19
   Compiling linux-raw-sys v0.12.1
   Compiling dlib v0.5.3
   Compiling ttf-parser v0.25.1
   Compiling downcast-rs v1.2.1
   Compiling wayland-sys v0.31.11
   Compiling scoped-tls v1.0.1
   Compiling quick-xml v0.39.2
   Compiling getrandom v0.3.4
   Compiling parking_lot_core v0.9.12
   Compiling gpu-descriptor-types v0.2.0
   Compiling ahash v0.8.12
   Compiling parking_lot v0.12.5
   Compiling spirv v0.3.0+sdk-1.3.268.0
   Compiling hashbrown v0.14.5
   Compiling gpu-descriptor v0.3.2
   Compiling euclid v0.22.14
   Compiling half v2.7.1
   Compiling ordered-float v4.6.0
   Compiling font-types v0.11.1
   Compiling wayland-scanner v0.31.10
   Compiling wgpu-types v28.0.0
   Compiling font-types v0.10.1
   Compiling rustix v1.1.4
   Compiling lyon_geom v1.0.19
   Compiling naga v28.0.0
   Compiling thiserror-impl v1.0.69
   Compiling simd-adler32 v0.3.9
   Compiling linux-raw-sys v0.4.15
   Compiling lyon_path v1.0.19
   Compiling rustix v0.38.44
   Compiling read-fonts v0.35.0
   Compiling thiserror v1.0.69
   Compiling read-fonts v0.37.0
   Compiling hashlink v0.9.1
   Compiling adler2 v2.0.1
   Compiling slab v0.4.12
   Compiling rusqlite v0.32.1
   Compiling lyon_tessellation v1.0.20
   Compiling miniz_oxide v0.8.9
   Compiling crc32fast v1.5.0
   Compiling smol_str v0.2.2
   Compiling xkeysym v0.2.1
   Compiling utf8parse v0.2.2
   Compiling wayland-backend v0.3.15
   Compiling polling v3.11.0
   Compiling xcursor v0.3.10
   Compiling cursor-icon v1.2.0
   Compiling arrayref v0.3.9
   Compiling calloop v0.13.0
   Compiling strict-num v0.1.1
   Compiling tiny-skia-path v0.11.4
   Compiling wayland-client v0.31.14
   Compiling wayland-csd-frame v0.3.0
   Compiling anstyle-parse v1.0.0
   Compiling gethostname v1.1.0
   Compiling flate2 v1.1.9
   Compiling eda-engine v0.1.0 (/home/bfadmin/Documents/datum-eda/crates/engine)
   Compiling fontdb v0.23.0
   Compiling owned_ttf_parser v0.25.1
   Compiling fdeflate v0.3.7
   Compiling anstyle v1.0.14
   Compiling x11rb-protocol v0.13.2
   Compiling as-raw-xcb-connection v1.0.1
   Compiling colorchoice v1.0.5
   Compiling anstyle-query v1.1.5
   Compiling ab_glyph_rasterizer v0.1.10
   Compiling is_terminal_polyfill v1.70.2
   Compiling wayland-protocols v0.32.12
   Compiling wayland-cursor v0.31.14
   Compiling calloop-wayland-source v0.3.0
   Compiling pxfm v0.1.28
   Compiling harfrust v0.3.2
   Compiling wgpu-hal v28.0.1
   Compiling skrifa v0.40.0
   Compiling wayland-protocols-wlr v0.3.12
   Compiling skrifa v0.37.0
   Compiling etagere v0.2.15
   Compiling swash v0.2.7
   Compiling wgpu-core-deps-windows-linux-android v28.0.0
   Compiling wgpu-core v28.0.1
   Compiling cosmic-text v0.15.0
   Compiling x11rb v0.13.2
   Compiling smithay-client-toolkit v0.19.2
   Compiling moxcms v0.8.1
   Compiling ab_glyph v0.2.32
   Compiling wgpu v28.0.0
   Compiling anstream v1.0.0
   Compiling png v0.18.1
   Compiling tiny-skia v0.11.4
   Compiling tracing-core v0.1.36
   Compiling clap_lex v1.1.0
   Compiling pin-project-lite v0.2.17
   Compiling strsim v0.11.1
   Compiling percent-encoding v2.3.2
   Compiling byteorder-lite v0.1.0
   Compiling clap_builder v4.6.0
   Compiling sctk-adwaita v0.10.1
   Compiling tracing v0.1.44
   Compiling glyphon v0.10.0
   Compiling clap_derive v4.6.0
   Compiling image v0.25.10
   Compiling x11-dl v2.21.0
   Compiling wayland-protocols-plasma v0.3.12
   Compiling xkbcommon-dl v0.4.2
   Compiling dpi v0.1.2
   Compiling arboard v3.6.1
   Compiling clap v4.6.0
   Compiling pollster v0.4.0
   Compiling winit v0.30.13
   Compiling datum-gui-protocol v0.1.0 (/home/bfadmin/Documents/datum-eda/crates/gui-protocol)
   Compiling datum-gui-viewport v0.1.0 (/home/bfadmin/Documents/datum-eda/crates/gui-viewport)
   Compiling datum-gui-render v0.1.0 (/home/bfadmin/Documents/datum-eda/crates/gui-render)
   Compiling datum-gui-app v0.1.0 (/home/bfadmin/Documents/datum-eda/crates/gui-app)
    Finished `test` profile [unoptimized + debuginfo] target(s) in 1m 53s
     Running unittests src/main.rs (target/debug/deps/datum_gui-89f6505f70927b20)

running 0 tests

test result: ok. 0 passed; 0 failed; 0 ignored; 0 measured; 404 filtered out; finished in 0.00s

     Running tests/visual_shell.rs (target/debug/deps/visual_shell-ec286a3bff236aad)

running 0 tests

test result: ok. 0 passed; 0 failed; 0 ignored; 0 measured; 1 filtered out; finished in 0.00s

