Cargo resource preflight: target=/home/bfadmin/Documents/datum-eda/target size=31.2 GiB target_free=168.7 GiB tmp_free=6.4 GiB
warning: Cargo target exceeds soft limit: 31.2 GiB used; soft limit 20.0 GiB
   Compiling syn v2.0.117
   Compiling num-traits v0.2.19
   Compiling arrayvec v0.7.6
   Compiling crossbeam-utils v0.8.21
   Compiling either v1.15.0
   Compiling stable_deref_trait v1.2.1
   Compiling nom v8.0.0
   Compiling core2 v0.4.0
   Compiling as-slice v0.2.1
   Compiling quick-error v2.0.1
   Compiling aligned v0.4.3
   Compiling y4m v0.8.0
   Compiling itertools v0.14.0
   Compiling bitstream-io v4.9.0
   Compiling simd_helpers v0.1.0
   Compiling new_debug_unreachable v1.0.6
   Compiling weezl v0.1.12
   Compiling crossbeam-epoch v0.9.18
   Compiling zune-core v0.5.1
   Compiling crossbeam-deque v0.8.6
   Compiling num-integer v0.1.46
   Compiling euclid v0.22.14
   Compiling ordered-float v4.6.0
   Compiling imgref v1.12.0
   Compiling rayon-core v1.13.0
   Compiling num-bigint v0.4.6
   Compiling loop9 v0.1.5
   Compiling zune-jpeg v0.5.15
   Compiling avif-serialize v0.8.8
   Compiling rayon v1.11.0
   Compiling lyon_geom v1.0.19
   Compiling zune-inflate v0.2.54
   Compiling bit_field v0.10.3
   Compiling color_quant v1.1.0
   Compiling lebe v0.5.3
   Compiling rgb v0.8.52
   Compiling lyon_path v1.0.19
   Compiling num-rational v0.4.2
   Compiling image-webp v0.2.4
   Compiling gif v0.14.1
   Compiling lyon_tessellation v1.0.20
   Compiling moxcms v0.8.1
   Compiling etagere v0.2.15
   Compiling taffy v0.11.0
   Compiling maybe-rayon v0.1.1
   Compiling bytemuck_derive v1.10.2
   Compiling zerocopy-derive v0.8.47
   Compiling thiserror-impl v2.0.18
   Compiling profiling-procmacros v1.0.17
   Compiling equator-macro v0.4.2
   Compiling arg_enum_proc_macro v0.3.4
   Compiling profiling v1.0.17
   Compiling serde_derive v1.0.228
   Compiling thiserror-impl v1.0.69
   Compiling equator v0.4.2
   Compiling aligned-vec v0.6.4
   Compiling v_frame v0.3.9
   Compiling fax_derive v0.2.0
   Compiling av1-grain v0.2.5
   Compiling thiserror v2.0.18
   Compiling bytemuck v1.25.0
   Compiling gpu-allocator v0.28.0
   Compiling wgpu-types v28.0.0
   Compiling font-types v0.10.1
   Compiling zerocopy v0.8.47
   Compiling font-types v0.11.1
   Compiling read-fonts v0.35.0
   Compiling read-fonts v0.37.0
   Compiling thiserror v1.0.69
   Compiling av-scenechange v0.14.1
   Compiling num-derive v0.4.2
   Compiling calloop v0.13.0
   Compiling rav1e v0.8.1
   Compiling fax v0.2.6
   Compiling calloop-wayland-source v0.3.0
   Compiling serde v1.0.228
   Compiling qoi v0.4.1
   Compiling tiny-skia-path v0.11.4
   Compiling smithay-client-toolkit v0.19.2
   Compiling datum-verb-registry v0.1.0 (/home/bfadmin/Documents/datum-eda/crates/verb-registry)
   Compiling tiny-skia v0.11.4
   Compiling clap_derive v4.6.0
   Compiling half v2.7.1
   Compiling ahash v0.8.12
   Compiling hashbrown v0.14.5
   Compiling naga v28.0.0
   Compiling hashlink v0.9.1
   Compiling tiff v0.11.3
   Compiling rusqlite v0.32.1
   Compiling exr v1.74.0
   Compiling skrifa v0.40.0
   Compiling ravif v0.13.0
   Compiling eda-engine v0.1.0 (/home/bfadmin/Documents/datum-eda/crates/engine)
   Compiling harfrust v0.3.2
   Compiling swash v0.2.7
   Compiling skrifa v0.37.0
   Compiling image v0.25.10
   Compiling sctk-adwaita v0.10.1
   Compiling winit v0.30.13
   Compiling clap v4.6.0
   Compiling wgpu-hal v28.0.1
   Compiling cosmic-text v0.15.0
   Compiling arboard v3.6.1
   Compiling wgpu-core-deps-windows-linux-android v28.0.0
   Compiling wgpu-core v28.0.1
   Compiling wgpu v28.0.0
   Compiling glyphon v0.10.0
   Compiling datum-gui-protocol v0.1.0 (/home/bfadmin/Documents/datum-eda/crates/gui-protocol)
   Compiling datum-gui-viewport v0.1.0 (/home/bfadmin/Documents/datum-eda/crates/gui-viewport)
   Compiling datum-gui-render v0.1.0 (/home/bfadmin/Documents/datum-eda/crates/gui-render)
   Compiling datum-gui-app v0.1.0 (/home/bfadmin/Documents/datum-eda/crates/gui-app)
    Finished `test` profile [unoptimized + debuginfo] target(s) in 1m 56s
     Running unittests src/main.rs (target/debug/deps/datum_gui-19c6acb98962ab73)

running 4 tests
test app_shell::input_observation::tests::duplicate_receipts_and_semantics_are_not_redraw_counts ... ok
test app_shell::input_observation::tests::lost_completion_overflow_nesting_and_truncation_fail_closed ... ok
test app_shell::input_observation::tests::native_pointer_receipts_follow_completed_dispatch_without_redraw_requirement ... ignored, native X11 input receipt conformance with pinned real board; run serially
test app_shell::input_observation::workload::tests::declared_phases_and_explicit_close_are_not_log_arrival_times ... ok

test result: ok. 3 passed; 0 failed; 1 ignored; 0 measured; 401 filtered out; finished in 0.00s

     Running tests/visual_shell.rs (target/debug/deps/visual_shell-d3e15376721934e7)

running 0 tests

test result: ok. 0 passed; 0 failed; 0 ignored; 0 measured; 1 filtered out; finished in 0.00s

