Cargo resource preflight: target=/home/bfadmin/Documents/datum-eda/target size=27.0 GiB target_free=173.4 GiB tmp_free=6.4 GiB
warning: Cargo target exceeds soft limit: 27.0 GiB used; soft limit 20.0 GiB
   Compiling unicode-ident v1.0.24
   Compiling cfg-if v1.0.4
   Compiling num-traits v0.2.19
   Compiling bitflags v2.11.0
   Compiling libm v0.2.16
   Compiling libc v0.2.183
   Compiling once_cell v1.21.4
   Compiling arrayvec v0.7.6
   Compiling smallvec v1.15.1
   Compiling proc-macro2 v1.0.106
   Compiling log v0.4.29
   Compiling allocator-api2 v0.2.21
   Compiling foldhash v0.2.0
   Compiling equivalent v1.0.2
   Compiling typenum v1.19.0
   Compiling libloading v0.8.9
   Compiling ahash v0.8.12
   Compiling serde_core v1.0.228
   Compiling scopeguard v1.2.0
   Compiling rustc-hash v1.1.0
   Compiling hashbrown v0.16.1
   Compiling bit-vec v0.8.0
   Compiling unicode-width v0.1.14
   Compiling quote v1.0.45
   Compiling generic-array v0.14.7
   Compiling foldhash v0.1.5
   Compiling codespan-reporting v0.12.0
   Compiling syn v2.0.117
   Compiling core_maths v0.1.1
   Compiling indexmap v2.13.0
   Compiling ttf-parser v0.25.1
   Compiling parking_lot_core v0.9.12
   Compiling hashbrown v0.15.5
   Compiling bit-set v0.8.0
   Compiling euclid v0.22.14
   Compiling lock_api v0.4.14
   Compiling ash v0.38.0+1.3.281
   Compiling spirv v0.3.0+sdk-1.3.268.0
   Compiling gpu-descriptor-types v0.2.0
   Compiling memchr v2.8.0
   Compiling hexf-parse v0.2.1
   Compiling presser v0.3.1
   Compiling gpu-descriptor v0.3.2
   Compiling lyon_geom v1.0.19
   Compiling parking_lot v0.12.5
   Compiling khronos-egl v6.0.0
   Compiling ordered-float v4.6.0
   Compiling block-buffer v0.10.4
   Compiling crypto-common v0.1.7
   Compiling zmij v1.0.21
   Compiling glow v0.16.0
   Compiling raw-window-handle v0.6.2
   Compiling renderdoc-sys v1.1.0
   Compiling itoa v1.0.18
   Compiling profiling v1.0.17
   Compiling libsqlite3-sys v0.30.1
   Compiling serde_json v1.0.149
   Compiling digest v0.10.7
   Compiling lyon_path v1.0.19
   Compiling slotmap v1.1.1
   Compiling getrandom v0.4.2
   Compiling tinyvec_macros v0.1.1
   Compiling sha1_smol v1.0.1
   Compiling cpufeatures v0.2.17
   Compiling float_next_after v1.0.0
   Compiling roxmltree v0.20.0
   Compiling fallible-streaming-iterator v0.1.9
   Compiling fallible-iterator v0.3.0
   Compiling lyon_tessellation v1.0.20
   Compiling sha2 v0.10.9
   Compiling fontconfig-parser v0.5.8
   Compiling uuid v1.22.0
   Compiling tinyvec v1.11.0
   Compiling quick-xml v0.38.4
   Compiling bytemuck_derive v1.10.2
   Compiling zerocopy-derive v0.8.47
   Compiling thiserror-impl v2.0.18
   Compiling serde_derive v1.0.228
   Compiling memmap2 v0.9.10
   Compiling zeno v0.3.3
   Compiling yazi v0.2.1
   Compiling fontdb v0.23.0
   Compiling anyhow v1.0.102
   Compiling self_cell v1.2.2
   Compiling bytemuck v1.25.0
   Compiling unicode-linebreak v0.1.5
   Compiling thiserror v2.0.18
   Compiling font-types v0.11.1
   Compiling font-types v0.10.1
   Compiling wgpu-types v28.0.0
   Compiling unicode-script v0.5.8
   Compiling static_assertions v1.1.0
   Compiling zerocopy v0.8.47
   Compiling read-fonts v0.37.0
   Compiling read-fonts v0.35.0
   Compiling rangemap v1.7.1
   Compiling linebender_resource_handle v0.1.1
   Compiling smol_str v0.2.2
   Compiling unicode-bidi v0.3.18
   Compiling svg_fmt v0.4.5
   Compiling sys-locale v0.3.2
   Compiling unicode-segmentation v1.13.2
   Compiling etagere v0.2.15
   Compiling lru v0.16.3
   Compiling rustc-hash v2.1.2
   Compiling grid v1.0.1
   Compiling datum-terminal-core v0.1.0 (/home/bfadmin/Documents/datum-eda/crates/terminal-core)
   Compiling taffy v0.11.0
   Compiling serde v1.0.228
   Compiling datum-verb-registry v0.1.0 (/home/bfadmin/Documents/datum-eda/crates/verb-registry)
   Compiling half v2.7.1
   Compiling hashbrown v0.14.5
   Compiling naga v28.0.0
   Compiling hashlink v0.9.1
   Compiling rusqlite v0.32.1
   Compiling skrifa v0.40.0
   Compiling gpu-allocator v0.28.0
   Compiling eda-engine v0.1.0 (/home/bfadmin/Documents/datum-eda/crates/engine)
   Compiling harfrust v0.3.2
   Compiling skrifa v0.37.0
   Compiling swash v0.2.7
   Compiling cosmic-text v0.15.0
   Compiling wgpu-hal v28.0.1
   Compiling wgpu-core-deps-windows-linux-android v28.0.0
   Compiling wgpu-core v28.0.1
   Compiling wgpu v28.0.0
   Compiling glyphon v0.10.0
   Compiling datum-gui-protocol v0.1.0 (/home/bfadmin/Documents/datum-eda/crates/gui-protocol)
   Compiling datum-gui-viewport v0.1.0 (/home/bfadmin/Documents/datum-eda/crates/gui-viewport)
   Compiling datum-gui-render v0.1.0 (/home/bfadmin/Documents/datum-eda/crates/gui-render)
warning: method `submission_ref` is never used
   --> crates/gui-render/src/render/gpu_surface.rs:354:12
    |
353 |     impl SurfaceAttachments {
    |     ----------------------- method in this implementation
354 |         fn submission_ref(&self) -> Option<SubmissionRef> {
    |            ^^^^^^^^^^^^^^
    |
    = note: `#[warn(dead_code)]` (part of `#[warn(unused)]`) on by default

warning: variants `MissingCopy` and `PrematureResolve` are never constructed
  --> crates/gui-render/src/render/prefix_negative_control.rs:9:5
   |
 5 | pub(crate) enum Fault {
   |                 ----- variants in this enum
...
 9 |     MissingCopy,
   |     ^^^^^^^^^^^
10 |     PrematureResolve,
   |     ^^^^^^^^^^^^^^^^
   |
   = note: `Fault` has a derived impl for the trait `Clone`, but this is intentionally ignored during dead code analysis

warning: function `set` is never used
  --> crates/gui-render/src/render/prefix_negative_control.rs:15:15
   |
15 | pub(crate) fn set(fault: Fault) {
   |               ^^^

warning: `datum-gui-render` (lib test) generated 3 warnings
    Finished `test` profile [unoptimized + debuginfo] target(s) in 1m 37s
     Running unittests src/lib.rs (target/debug/deps/datum_gui_render-a9a942f6552ff861)

running 2 tests
test renderer_state::render_session::frame_revision::workload::tests::active_demand_survives_late_drain_and_close_until_acknowledged ... ok
test renderer_state::render_session::frame_revision::workload::tests::missing_reversed_or_changed_epoch_cannot_be_attributed ... ok

test result: ok. 2 passed; 0 failed; 0 ignored; 0 measured; 418 filtered out; finished in 0.00s

