datum-gui diagnostic log pid=1428549 start=SystemTime { tv_sec: 1790657308, tv_nsec: 884085595 }
[SystemTime { tv_sec: 1790657308, tv_nsec: 884289029 }] startup args=GuiArgs { terminal_profile: TerminalProfileArgs { selected: "default", custom_name: "custom", program: None, args: [], environment: [], environment_remove: [], cwd: "active", theme: None, font_scale_percent: None, history_lines: None, history_mebibytes: None, cursor: None, bell: None, agent_authority: "propose", unattended_tools: [] }, demo_known_good: false, board_file: None, schematic_file: None, artifact_path: None, project_root: Some("/home/bfadmin/Documents/datum-eda/target/gpu-r2-proof/project"), select: None, net_uuid: None, from_anchor_pad_uuid: None, to_anchor_pad_uuid: None, profile: None, visual_test: false, initial_layout: Some("single"), open_menu: None, open_global_preferences: false, open_new_project: false, open_project_preferences: false, focus_pane: None, fixture_revision_surface: None, layers_scroll_end: false, window_size: "1280x800", screenshot_out: None, exit_after_screenshot: false, window_visual_test: false, visual_scale_factor: Some(1.0), interaction_smoke: false, resize_torture_smoke: false, kwin_lifecycle_smoke: false }
[SystemTime { tv_sec: 1790657308, tv_nsec: 906442495 }] resumed event
[SystemTime { tv_sec: 1790657308, tv_nsec: 906474422 }] launch state load begin
[SystemTime { tv_sec: 1790657308, tv_nsec: 906520430 }] request resolve begin
[SystemTime { tv_sec: 1790657308, tv_nsec: 906549055 }] request resolve end project_root=/home/bfadmin/Documents/datum-eda/target/gpu-r2-proof/project board_file=None
[SystemTime { tv_sec: 1790657308, tv_nsec: 906574877 }] workspace load begin
[SystemTime { tv_sec: 1790657310, tv_nsec: 376769591 }] workspace load end
[SystemTime { tv_sec: 1790657310, tv_nsec: 376793952 }] camera fit begin
[SystemTime { tv_sec: 1790657310, tv_nsec: 376808362 }] camera fit end
[SystemTime { tv_sec: 1790657310, tv_nsec: 376901885 }] terminal spawn begin
[SystemTime { tv_sec: 1790657310, tv_nsec: 401405953 }] terminal spawn end
[SystemTime { tv_sec: 1790657310, tv_nsec: 401444380 }] launch state load end
[SystemTime { tv_sec: 1790657310, tv_nsec: 408700953 }] window created
[SystemTime { tv_sec: 1790657310, tv_nsec: 408769021 }] runtime creation begin
[SystemTime { tv_sec: 1790657310, tv_nsec: 409932532 }] wgpu instance create begin
[SystemTime { tv_sec: 1790657310, tv_nsec: 775128412 }] wgpu request adapter begin
[SystemTime { tv_sec: 1790657310, tv_nsec: 803078897 }] surface identity window=WindowId(31457284) window_backend=x11 gpu_backend=Vulkan adapter="Intel(R) HD Graphics P630 (KBL GT2)" device_type=IntegratedGpu driver="Intel open-source Mesa driver" driver_info="Mesa 25.0.7-2+deb13u1"
[SystemTime { tv_sec: 1790657310, tv_nsec: 803116613 }] wgpu request device begin
[SystemTime { tv_sec: 1790657310, tv_nsec: 847537167 }] wgpu request device end
[SystemTime { tv_sec: 1790657310, tv_nsec: 848024635 }] initial surface configuration requested 1280x800 format=Bgra8UnormSrgb present=Fifo msaa=8
[SystemTime { tv_sec: 1790657310, tv_nsec: 848065452 }] renderer init begin
[SystemTime { tv_sec: 1790657312, tv_nsec: 666199740 }] gpu_measurement_host host=1 epoch=1 window=WindowId(31457284) timestamp_period_ns=83.333336
[SystemTime { tv_sec: 1790657312, tv_nsec: 666224125 }] renderer init end
[SystemTime { tv_sec: 1790657312, tv_nsec: 667485378 }] runtime creation end
[SystemTime { tv_sec: 1790657312, tv_nsec: 667588541 }] window visible
[SystemTime { tv_sec: 1790657312, tv_nsec: 667704735 }] surface configure begin
[SystemTime { tv_sec: 1790657312, tv_nsec: 670217063 }] surface configure end
[SystemTime { tv_sec: 1790657312, tv_nsec: 670241136 }] native queue configured host=1 configurations=1 submitted=0 completed=0
[SystemTime { tv_sec: 1790657312, tv_nsec: 726460679 }] native host WindowId(31457284) render error: GPU transaction source or target lineage changed
[SystemTime { tv_sec: 1790657312, tv_nsec: 726486129 }] Rendering paused for native host WindowId(31457284): automatic recovery stopped. Press F5 to Retry, or close this window. Application state is retained.
gpu_measurement_incomplete {"device_epoch":1,"frame":1,"host":1,"reason":"encoding_aborted","status":"incomplete","submission":1,"submitted_lineage":[[1,"world",[1,1,5,5,1,1,1],[2326302702124158179,1,3,0,0,0,0,0]]]}
[SystemTime { tv_sec: 1790657312, tv_nsec: 726697532 }] fatal GPU measurement incomplete: GPU measurement encoding aborted for host=1 frame=1; sample unavailable
