datum-gui diagnostic log pid=268034 start=SystemTime { tv_sec: 1790349122, tv_nsec: 311902632 }
[SystemTime { tv_sec: 1790349122, tv_nsec: 312195719 }] startup args=GuiArgs { terminal_profile: TerminalProfileArgs { selected: "default", custom_name: "custom", program: None, args: [], environment: [], environment_remove: [], cwd: "active", theme: None, font_scale_percent: None, history_lines: None, history_mebibytes: None, cursor: None, bell: None, agent_authority: "propose", unattended_tools: [] }, demo_known_good: false, board_file: None, schematic_file: None, artifact_path: None, project_root: Some("/tmp/pm045-admission-hqugp169/project"), select: None, net_uuid: None, from_anchor_pad_uuid: None, to_anchor_pad_uuid: None, profile: None, visual_test: false, initial_layout: Some("single"), open_menu: None, open_global_preferences: false, open_new_project: false, open_project_preferences: false, focus_pane: None, fixture_revision_surface: None, layers_scroll_end: false, window_size: "1280x800", screenshot_out: None, exit_after_screenshot: false, window_visual_test: false, visual_scale_factor: Some(1.0), interaction_smoke: false, resize_torture_smoke: false, kwin_lifecycle_smoke: false }
[SystemTime { tv_sec: 1790349122, tv_nsec: 324152087 }] resumed event
[SystemTime { tv_sec: 1790349122, tv_nsec: 324183466 }] launch state load begin
[SystemTime { tv_sec: 1790349122, tv_nsec: 324217967 }] request resolve begin
[SystemTime { tv_sec: 1790349122, tv_nsec: 324242754 }] request resolve end project_root=/tmp/pm045-admission-hqugp169/project board_file=None
[SystemTime { tv_sec: 1790349122, tv_nsec: 324266360 }] workspace load begin
[SystemTime { tv_sec: 1790349123, tv_nsec: 826971822 }] workspace load end
[SystemTime { tv_sec: 1790349123, tv_nsec: 826999668 }] camera fit begin
[SystemTime { tv_sec: 1790349123, tv_nsec: 827014884 }] camera fit end
[SystemTime { tv_sec: 1790349123, tv_nsec: 827209118 }] terminal spawn begin
[SystemTime { tv_sec: 1790349123, tv_nsec: 834474544 }] terminal spawn end
[SystemTime { tv_sec: 1790349123, tv_nsec: 834506384 }] launch state load end
[SystemTime { tv_sec: 1790349123, tv_nsec: 837811768 }] window created
[SystemTime { tv_sec: 1790349123, tv_nsec: 837849862 }] runtime creation begin
[SystemTime { tv_sec: 1790349123, tv_nsec: 839289454 }] wgpu instance create begin
[SystemTime { tv_sec: 1790349123, tv_nsec: 953221180 }] wgpu request adapter begin
[SystemTime { tv_sec: 1790349123, tv_nsec: 964942629 }] surface identity window=WindowId(33554436) window_backend=x11 gpu_backend=Vulkan adapter="Intel(R) HD Graphics P630 (KBL GT2)" device_type=IntegratedGpu driver="Intel open-source Mesa driver" driver_info="Mesa 25.0.7-2+deb13u1"
[SystemTime { tv_sec: 1790349123, tv_nsec: 964969354 }] wgpu request device begin
[SystemTime { tv_sec: 1790349123, tv_nsec: 994629475 }] wgpu request device end
[SystemTime { tv_sec: 1790349123, tv_nsec: 995430223 }] initial surface configuration requested 1280x800 format=Bgra8UnormSrgb present=Fifo msaa=8
[SystemTime { tv_sec: 1790349123, tv_nsec: 995459359 }] renderer init begin
[SystemTime { tv_sec: 1790349124, tv_nsec: 115823312 }] gpu_measurement_host host=1 epoch=1 window=WindowId(33554436) timestamp_period_ns=83.333336
[SystemTime { tv_sec: 1790349124, tv_nsec: 115845555 }] renderer init end
[SystemTime { tv_sec: 1790349124, tv_nsec: 116957872 }] runtime creation end
[SystemTime { tv_sec: 1790349124, tv_nsec: 117136496 }] window visible
[SystemTime { tv_sec: 1790349124, tv_nsec: 117309549 }] surface configure begin
[SystemTime { tv_sec: 1790349124, tv_nsec: 134615572 }] surface configure end
[SystemTime { tv_sec: 1790349124, tv_nsec: 134645169 }] native queue configured host=1 configurations=1 submitted=0 completed=0
gpu_measurement_incomplete {"device_epoch":1,"frame":1,"host":1,"reason":"cold_upload_multisubmission_timestamps_unqualified","status":"incomplete","submission":1}
gpu_measurement_incomplete {"device_epoch":1,"frame":1,"host":1,"reason":"cold_upload_multisubmission_timestamps_unqualified","status":"incomplete","submission":2}
gpu_measurement {"device_epoch":1,"frame":2,"frame_span_ns":15003750.457878113,"host":1,"own_pass_sum_ns":14948583.789527893,"passes_ns":[["scene",6889666.876922607],["text",4936250.150642395],["menu-background",1578833.381515503],["menu-text",1543833.3804473877]],"raw_ticks":[10858531096,10858613772,10858613957,10858673192,10858673527,10858692473,10858692615,10858711141],"submission":3,"timestamp_period_ns":83.33333587646484}
gpu_measurement {"device_epoch":1,"frame":3,"frame_span_ns":8835583.602973938,"host":1,"own_pass_sum_ns":8786750.26815033,"passes_ns":[["scene",5435166.83253479],["text",1126166.701034546],["menu-background",1111166.7005767822],["menu-text",1114250.0340042114]],"raw_ticks":[10858756526,10858821748,10858821865,10858835379,10858835495,10858848829,10858849182,10858862553],"submission":4,"timestamp_period_ns":83.33333587646484}
gpu_measurement {"device_epoch":1,"frame":4,"frame_span_ns":8565083.594718933,"host":1,"own_pass_sum_ns":8535666.927154541,"passes_ns":[["scene",4321583.46521759],["text",1137166.7013702393],["menu-background",1874000.0571899414],["menu-text",1202916.70337677]],"raw_ticks":[10858937937,10858989796,10858989913,10859003559,10859003675,10859026163,10859026283,10859040718],"submission":5,"timestamp_period_ns":83.33333587646484}
gpu_measurement {"device_epoch":1,"frame":5,"frame_span_ns":6763000.206390381,"host":1,"own_pass_sum_ns":6737500.205612183,"passes_ns":[["scene",3906416.7858810425],["text",933416.6951522827],["menu-background",957583.3625564575],["menu-text",940083.3620223999]],"raw_ticks":[10859087208,10859134085,10859134183,10859145384,10859145486,10859156977,10859157083,10859168364],"submission":6,"timestamp_period_ns":83.33333587646484}
gpu_measurement {"device_epoch":1,"frame":6,"frame_span_ns":6808916.874458313,"host":1,"own_pass_sum_ns":6782500.206985474,"passes_ns":[["scene",3871333.451477051],["text",977250.0298233032],["menu-background",998416.6971359253],["menu-text",935500.0285491943]],"raw_ticks":[10859242888,10859289344,10859289453,10859301180,10859301287,10859313268,10859313369,10859324595],"submission":7,"timestamp_period_ns":83.33333587646484}
gpu_measurement {"device_epoch":1,"frame":7,"frame_span_ns":6866166.876205444,"host":1,"own_pass_sum_ns":6839833.542068481,"passes_ns":[["scene",3875666.784942627],["text",1023583.3645706177],["menu-background",1002000.0305786133],["menu-text",938583.3619766235]],"raw_ticks":[10859420481,10859466989,10859467094,10859479377,10859479483,10859491507,10859491612,10859502875],"submission":8,"timestamp_period_ns":83.33333587646484}
[SystemTime { tv_sec: 1790349129, tv_nsec: 804942801 }] surface identity window=WindowId(33554454) window_backend=x11 gpu_backend=Vulkan adapter="Intel(R) HD Graphics P630 (KBL GT2)" device_type=IntegratedGpu driver="Intel open-source Mesa driver" driver_info="Mesa 25.0.7-2+deb13u1"
[SystemTime { tv_sec: 1790349129, tv_nsec: 809362607 }] gpu_measurement_host host=2 epoch=1 window=WindowId(33554454) timestamp_period_ns=83.333336
gpu_measurement {"device_epoch":1,"frame":8,"frame_span_ns":10233083.645622253,"host":1,"own_pass_sum_ns":10216250.311775208,"passes_ns":[["scene",8250833.585128784],["text",1965416.7266464233]],"raw_ticks":[10864915611,10865014621,10865014823,10865038408],"submission":9,"timestamp_period_ns":83.33333587646484}
[SystemTime { tv_sec: 1790349129, tv_nsec: 833326826 }] surface configure begin
[SystemTime { tv_sec: 1790349129, tv_nsec: 865453555 }] surface configure end
[SystemTime { tv_sec: 1790349129, tv_nsec: 865515526 }] native queue configured host=2 configurations=2 submitted=9 completed=9
gpu_measurement {"device_epoch":1,"frame":1,"frame_span_ns":2730916.7500076294,"host":2,"own_pass_sum_ns":2730916.7500076294,"passes_ns":[["dialog",2730916.7500076294]],"raw_ticks":[10865793423,10865826194],"submission":10,"timestamp_period_ns":83.33333587646484}
gpu_measurement {"device_epoch":1,"frame":9,"frame_span_ns":10837416.997398376,"host":1,"own_pass_sum_ns":10821666.996917725,"passes_ns":[["scene",9026750.275474548],["text",1794916.7214431763]],"raw_ticks":[10872099512,10872207833,10872208022,10872229561],"submission":11,"timestamp_period_ns":83.33333587646484}
gpu_measurement {"device_epoch":1,"frame":10,"frame_span_ns":25754334.119293213,"host":1,"own_pass_sum_ns":25706667.451171875,"passes_ns":[["scene",8840416.936454773],["text",1722500.0525665283],["menu-background",1791583.3880081177],["menu-text",13352167.074142456]],"raw_ticks":[10872335516,10872441601,10872441792,10872462462,10872462656,10872484155,10872484342,10872644568],"submission":12,"timestamp_period_ns":83.33333587646484}
gpu_measurement {"device_epoch":1,"frame":11,"frame_span_ns":18511083.898246765,"host":1,"own_pass_sum_ns":18462250.563423157,"passes_ns":[["scene",7536000.229980469],["text",1820750.0555648804],["menu-background",1800333.3882751465],["menu-text",7305166.889602661]],"raw_ticks":[10873678930,10873769362,10873769558,10873791407,10873791602,10873813206,10873813401,10873901063],"submission":13,"timestamp_period_ns":83.33333587646484}
gpu_measurement {"device_epoch":1,"frame":12,"frame_span_ns":22275000.679779053,"host":1,"own_pass_sum_ns":22232167.34513855,"passes_ns":[["scene",7091583.549751282],["text",12177167.038284302],["menu-background",1513750.046195984],["menu-text",1449666.7109069824]],"raw_ticks":[10873966541,10874051640,10874051820,10874197946,10874198117,10874216282,10874216445,10874233841],"submission":14,"timestamp_period_ns":83.33333587646484}
gpu_measurement {"device_epoch":1,"frame":13,"frame_span_ns":9794250.29889679,"host":1,"own_pass_sum_ns":9761416.964561462,"passes_ns":[["scene",6380833.528060913],["text",1305833.373184204],["menu-background",1061083.3657150269],["menu-text",1013666.6976013184]],"raw_ticks":[10874296942,10874373512,10874373666,10874389336,10874389458,10874402191,10874402309,10874414473],"submission":15,"timestamp_period_ns":83.33333587646484}
[SystemTime { tv_sec: 1790349130, tv_nsec: 785689758 }] surface identity window=WindowId(33554472) window_backend=x11 gpu_backend=Vulkan adapter="Intel(R) HD Graphics P630 (KBL GT2)" device_type=IntegratedGpu driver="Intel open-source Mesa driver" driver_info="Mesa 25.0.7-2+deb13u1"
[SystemTime { tv_sec: 1790349130, tv_nsec: 799899493 }] gpu_measurement_host host=3 epoch=1 window=WindowId(33554472) timestamp_period_ns=83.333336
[SystemTime { tv_sec: 1790349130, tv_nsec: 816628331 }] surface configure begin
[SystemTime { tv_sec: 1790349130, tv_nsec: 833724482 }] surface configure end
[SystemTime { tv_sec: 1790349130, tv_nsec: 833757024 }] native queue configured host=3 configurations=3 submitted=16 completed=16
gpu_measurement {"device_epoch":1,"frame":14,"frame_span_ns":9073500.276901245,"host":1,"own_pass_sum_ns":9056333.609710693,"passes_ns":[["scene",7227500.220565796],["text",1828833.3891448975]],"raw_ticks":[10876810083,10876896813,10876897019,10876918965],"submission":16,"timestamp_period_ns":83.33333587646484}
gpu_measurement {"device_epoch":1,"frame":1,"frame_span_ns":4966666.818237305,"host":3,"own_pass_sum_ns":4966666.818237305,"passes_ns":[["dialog",4966666.818237305]],"raw_ticks":[10877322753,10877382353],"submission":17,"timestamp_period_ns":83.33333587646484}
gpu_measurement {"device_epoch":1,"frame":15,"frame_span_ns":10365333.649658203,"host":1,"own_pass_sum_ns":10351166.982559204,"passes_ns":[["scene",8750000.267028809],["text",1601166.7155303955]],"raw_ticks":[10879881237,10879986237,10879986407,10880005621],"submission":18,"timestamp_period_ns":83.33333587646484}
gpu_measurement {"device_epoch":1,"frame":16,"frame_span_ns":18839167.241592407,"host":1,"own_pass_sum_ns":18793250.573524475,"passes_ns":[["scene",8974083.607200623],["text",1657000.050567627],["menu-background",1671500.0510101318],["menu-text",6490666.864746094]],"raw_ticks":[10880245050,10880352739,10880352926,10880372810,10880372991,10880393049,10880393232,10880471120],"submission":19,"timestamp_period_ns":83.33333587646484}
gpu_measurement {"device_epoch":1,"frame":17,"frame_span_ns":15482583.80582428,"host":1,"own_pass_sum_ns":15437500.471115112,"passes_ns":[["scene",7063500.215560913],["text",1624750.049583435],["menu-background",1633083.3831710815],["menu-text",5116166.822799683]],"raw_ticks":[10881465302,10881550064,10881550246,10881569743,10881569923,10881589520,10881589699,10881651093],"submission":20,"timestamp_period_ns":83.33333587646484}
gpu_measurement {"device_epoch":1,"frame":18,"frame_span_ns":11188667.008117676,"host":1,"own_pass_sum_ns":11147917.006874084,"passes_ns":[["scene",6804833.541000366],["text",1464333.3780212402],["menu-background",1465500.0447235107],["menu-text",1413250.0431289673]],"raw_ticks":[10881679549,10881761207,10881761369,10881778941,10881779105,10881796691,10881796854,10881813813],"submission":21,"timestamp_period_ns":83.33333587646484}
gpu_measurement {"device_epoch":1,"frame":19,"frame_span_ns":9090666.944091797,"host":1,"own_pass_sum_ns":9055166.943008423,"passes_ns":[["scene",5111583.489326477],["text",1312583.3733901978],["menu-background",1374250.0419387817],["menu-text",1256750.0383529663]],"raw_ticks":[10881922977,10881984316,10881984456,10882000207,10882000345,10882016836,10882016984,10882032065],"submission":22,"timestamp_period_ns":83.33333587646484}
gpu_measurement {"device_epoch":1,"frame":20,"frame_span_ns":14918583.788612366,"host":1,"own_pass_sum_ns":14885000.45425415,"passes_ns":[["scene",4727833.477615356],["text",1235666.7043762207],["menu-background",1236750.0377426147],["menu-text",7684750.2345199585]],"raw_ticks":[10882124486,10882181220,10882181356,10882196184,10882196318,10882211159,10882211292,10882303509],"submission":23,"timestamp_period_ns":83.33333587646484}
[SystemTime { tv_sec: 1790349131, tv_nsec: 431309737 }] surface identity window=WindowId(33554490) window_backend=x11 gpu_backend=Vulkan adapter="Intel(R) HD Graphics P630 (KBL GT2)" device_type=IntegratedGpu driver="Intel open-source Mesa driver" driver_info="Mesa 25.0.7-2+deb13u1"
[SystemTime { tv_sec: 1790349131, tv_nsec: 442500709 }] gpu_measurement_host host=4 epoch=1 window=WindowId(33554490) timestamp_period_ns=83.333336
[SystemTime { tv_sec: 1790349131, tv_nsec: 454199839 }] surface configure begin
[SystemTime { tv_sec: 1790349131, tv_nsec: 457184619 }] surface configure end
[SystemTime { tv_sec: 1790349131, tv_nsec: 457211953 }] native queue configured host=4 configurations=4 submitted=24 completed=24
gpu_measurement {"device_epoch":1,"frame":21,"frame_span_ns":8850500.270095825,"host":1,"own_pass_sum_ns":8833416.93624115,"passes_ns":[["scene",6991250.213356018],["text",1842166.7228851318]],"raw_ticks":[10884510543,10884594438,10884594643,10884616749],"submission":24,"timestamp_period_ns":83.33333587646484}
gpu_measurement {"device_epoch":1,"frame":1,"frame_span_ns":2523166.7436676025,"host":4,"own_pass_sum_ns":2523166.7436676025,"passes_ns":[["dialog",2523166.7436676025]],"raw_ticks":[10884865317,10884895595],"submission":25,"timestamp_period_ns":83.33333587646484}
gpu_measurement {"device_epoch":1,"frame":22,"frame_span_ns":8938916.939460754,"host":1,"own_pass_sum_ns":8923416.938987732,"passes_ns":[["scene",6945750.211967468],["text",1977666.7270202637]],"raw_ticks":[10887383037,10887466386,10887466572,10887490304],"submission":26,"timestamp_period_ns":83.33333587646484}
