Cargo resource preflight: target=/home/bfadmin/Documents/datum-eda/target size=33.0 GiB target_free=167.6 GiB tmp_free=6.4 GiB
warning: Cargo target exceeds soft limit: 33.0 GiB used; soft limit 20.0 GiB
    Checking datum-gui-render v0.1.0 (/home/bfadmin/Documents/datum-eda/crates/gui-render)
warning: unused import: `super::*`
 --> crates/gui-render/src/render/session_dialog.rs:2:5
  |
2 | use super::*;
  |     ^^^^^^^^
  |
  = note: `#[warn(unused_imports)]` (part of `#[warn(unused)]`) on by default

warning: unused imports: `DialogInput` and `DialogView`
 --> crates/gui-render/src/render/renderer_state.rs:6:5
  |
6 |     DialogInput, DialogView, FramePlan, RenderSession, RetainedSceneCacheKey, SubmittedFrame,
  |     ^^^^^^^^^^^  ^^^^^^^^^^

warning: `datum-gui-render` (lib) generated 2 warnings (run `cargo fix --lib -p datum-gui-render` to apply 2 suggestions)
    Checking datum-gui-app v0.1.0 (/home/bfadmin/Documents/datum-eda/crates/gui-app)
error[E0433]: cannot find `DialogInput` in `datum_gui_render`
   --> crates/gui-app/src/global_preferences_window.rs:335:39
    |
335 |                     datum_gui_render::DialogInput::NewProject {
    |                                       ^^^^^^^^^^^ could not find `DialogInput` in `datum_gui_render`

error[E0433]: cannot find `DialogInput` in `datum_gui_render`
   --> crates/gui-app/src/global_preferences_window.rs:380:39
    |
380 |                     datum_gui_render::DialogInput::ProjectPreferences { dialog, reveal_row }
    |                                       ^^^^^^^^^^^ could not find `DialogInput` in `datum_gui_render`

error[E0433]: cannot find `DialogInput` in `datum_gui_render`
   --> crates/gui-app/src/global_preferences_window.rs:382:39
    |
382 |                     datum_gui_render::DialogInput::GlobalPreferences { dialog, reveal_row }
    |                                       ^^^^^^^^^^^ could not find `DialogInput` in `datum_gui_render`

error[E0422]: cannot find struct, variant or union type `DialogView` in crate `datum_gui_render`
   --> crates/gui-app/src/global_preferences_window.rs:325:42
    |
325 |             let view = datum_gui_render::DialogView {
    |                                          ^^^^^^^^^^ not found in `datum_gui_render`

Some errors have detailed explanations: E0422, E0433.
For more information about an error, try `rustc --explain E0422`.
error: could not compile `datum-gui-app` (bin "datum-gui") due to 4 previous errors
